MPLINK 4.48, Linker
Linker Map File - Created Wed Apr 26 16:00:22 2017

                                 Section Info
                  Section       Type    Address   Location Size(Bytes)
                ---------  ---------  ---------  ---------  ---------
               _entry_scn       code   0x000000    program   0x000006
           .code___init.o       code   0x000006    program   0x000002
                touch_int       code   0x000008    program   0x000006
                   .cinit    romdata   0x00000e    program   0x000026
         .code_example2.o       code   0x000034    program   0x001636
                     PROG       code   0x00166a    program   0x00057a
      .romdata_example2.o    romdata   0x001be4    program   0x0000bc
               _cinit_scn       code   0x001ca0    program   0x00009e
           .code_u2open.o       code   0x001d3e    program   0x000084
           .code_u1open.o       code   0x001dc2    program   0x00007a
          .code_write_B.o       code   0x001e3c    program   0x000064
          .code_u1putrs.o       code   0x001ea0    program   0x00005c
           .code_read_B.o       code   0x001efc    program   0x000042
           .code_u2read.o       code   0x001f3e    program   0x00003e
           .code_u1read.o       code   0x001f7c    program   0x00003e
             D10KTCYXCODE       code   0x001fba    program   0x000036
           .code_t0open.o       code   0x001ff0    program   0x000036
          .code_t0write.o       code   0x002026    program   0x000030
          .code_u2write.o       code   0x002056    program   0x00002e
          .code_u1write.o       code   0x002084    program   0x00002e
                    .code       code   0x0020b2    program   0x000020
             _startup_scn       code   0x0020d2    program   0x00001a
             .stringtable    romdata   0x0020ec    program   0x000015
       .romdata_u1putrs.o    romdata   0x002101    program   0x000000
        .romdata_u2read.o    romdata   0x002101    program   0x000000
        .idata_read_B.o_i    romdata   0x002101    program   0x000000
        .romdata_read_B.o    romdata   0x002101    program   0x000000
       .idata_u1putrs.o_i    romdata   0x002101    program   0x000000
        .romdata___init.o    romdata   0x002101    program   0x000000
        .idata_u1defs.o_i    romdata   0x002101    program   0x000000
        .romdata_u1defs.o    romdata   0x002101    program   0x000000
        .idata_u2defs.o_i    romdata   0x002101    program   0x000000
        .romdata_u2defs.o    romdata   0x002101    program   0x000000
       .idata_u1write.o_i    romdata   0x002101    program   0x000000
       .romdata_u1write.o    romdata   0x002101    program   0x000000
       .idata_u2write.o_i    romdata   0x002101    program   0x000000
       .romdata_u2write.o    romdata   0x002101    program   0x000000
       .idata_t0write.o_i    romdata   0x002101    program   0x000000
       .romdata_t0write.o    romdata   0x002101    program   0x000000
       .idata_write_B.o_i    romdata   0x002101    program   0x000000
       .romdata_write_B.o    romdata   0x002101    program   0x000000
        .idata___init.o_i    romdata   0x002101    program   0x000000
       .idata_c018i_e.o_i    romdata   0x002101    program   0x000000
       .romdata_c018i_e.o    romdata   0x002101    program   0x000000
      .idata_busy_eep.o_i    romdata   0x002101    program   0x000000
      .romdata_busy_eep.o    romdata   0x002101    program   0x000000
        .idata_u1open.o_i    romdata   0x002101    program   0x000000
        .romdata_u1open.o    romdata   0x002101    program   0x000000
        .idata_u2read.o_i    romdata   0x002101    program   0x000000
        .romdata_u1read.o    romdata   0x002101    program   0x000000
        .idata_u1read.o_i    romdata   0x002101    program   0x000000
        .romdata_t0open.o    romdata   0x002101    program   0x000000
        .idata_u2open.o_i    romdata   0x002101    program   0x000000
        .romdata_u2open.o    romdata   0x002101    program   0x000000
        .idata_t0open.o_i    romdata   0x002101    program   0x000000
          .code_c018i_e.o       code   0x002102    program   0x000000
         .code_busy_eep.o       code   0x002102    program   0x000006
           .code_u2defs.o       code   0x002102    program   0x000000
           .code_u1defs.o       code   0x002102    program   0x000000
                 sddata_i    romdata   0x002108    program   0x000200
                bigdata_i    romdata   0x002308    program   0x00007e
      .idata_example2.o_i    romdata   0x002386    program   0x00003b
.config_300001_example2.o    romdata   0x300001    program   0x000001
.config_300002_example2.o    romdata   0x300002    program   0x000001
.config_300003_example2.o    romdata   0x300003    program   0x000001
.config_300004_example2.o    romdata   0x300004    program   0x000001
.config_300005_example2.o    romdata   0x300005    program   0x000001
.config_300006_example2.o    romdata   0x300006    program   0x000001
.config_300008_example2.o    romdata   0x300008    program   0x000001
.config_300009_example2.o    romdata   0x300009    program   0x000001
.config_30000a_example2.o    romdata   0x30000a    program   0x000001
.config_30000b_example2.o    romdata   0x30000b    program   0x000001
.config_30000c_example2.o    romdata   0x30000c    program   0x000001
.config_30000d_example2.o    romdata   0x30000d    program   0x000001
        .idata_example2.o      idata   0x000000       data   0x00003b
         .udata_c018i_e.o      udata   0x00003b       data   0x00000a
                 .tmpdata      udata   0x000045       data   0x000008
         rxtx_handler_tmp      udata   0x00004d       data   0x000005
                MATH_DATA      udata   0x000052       data   0x000004
                DELAYDAT2      udata   0x000056       data   0x000001
                DELAYDAT1      udata   0x000057       data   0x000001
          .udata_u2defs.o      udata   0x000058       data   0x000001
          .udata_u1defs.o      udata   0x000059       data   0x000001
          .idata_read_B.o      idata   0x00005a       data   0x000000
          .idata_u1defs.o      idata   0x00005a       data   0x000000
          .idata_u2defs.o      idata   0x00005a       data   0x000000
         .udata_u1write.o      udata   0x00005a       data   0x000000
         .idata_u1write.o      idata   0x00005a       data   0x000000
         .udata_u2write.o      udata   0x00005a       data   0x000000
         .idata_u2write.o      idata   0x00005a       data   0x000000
         .udata_t0write.o      udata   0x00005a       data   0x000000
         .idata_t0write.o      idata   0x00005a       data   0x000000
         .udata_write_B.o      udata   0x00005a       data   0x000000
         .idata_write_B.o      idata   0x00005a       data   0x000000
          .udata___init.o      udata   0x00005a       data   0x000000
          .idata___init.o      idata   0x00005a       data   0x000000
         .udata_u1putrs.o      udata   0x00005a       data   0x000000
         .idata_u1putrs.o      idata   0x00005a       data   0x000000
         .idata_c018i_e.o      idata   0x00005a       data   0x000000
        .udata_busy_eep.o      udata   0x00005a       data   0x000000
        .idata_busy_eep.o      idata   0x00005a       data   0x000000
          .udata_u1open.o      udata   0x00005a       data   0x000000
          .idata_u1open.o      idata   0x00005a       data   0x000000
          .udata_u2open.o      udata   0x00005a       data   0x000000
          .idata_u2open.o      idata   0x00005a       data   0x000000
          .udata_t0open.o      udata   0x00005a       data   0x000000
          .idata_t0open.o      idata   0x00005a       data   0x000000
          .udata_u1read.o      udata   0x00005a       data   0x000000
          .idata_u1read.o      idata   0x00005a       data   0x000000
          .udata_u2read.o      udata   0x00005a       data   0x000000
          .idata_u2read.o      idata   0x00005a       data   0x000000
          .udata_read_B.o      udata   0x00005a       data   0x000000
        .udata_example2.o      udata   0x000100       data   0x0000cf
                  bigdata      idata   0x000400       data   0x00007e
                   sddata      idata   0x000800       data   0x000200
                   .stack      udata   0x000e00       data   0x000100
            SFR_UNBANKED0      udata   0x000f62       data   0x00009e



                              Program Memory Usage 
                               Start         End      
                           ---------   ---------      
                            0x000000    0x002100      
                            0x002102    0x0023c0      
                            0x300001    0x300006      
                            0x300008    0x30000d      
            9164 out of 132120 program addresses used, program memory utilization is 6%



                              Symbols - Sorted by Name
                     Name    Address   Location    Storage File                     
                ---------  ---------  ---------  --------- ---------                
                 Busy_eep   0x002102    program     extern E:\c18v3.46\pic18-lt\cxx-framework\src\pmc_common\EEP\busy_eep.c
                Cylon_Eye   0x000b2a    program     extern X:\vtouch18f8722\example2.c
                   D10K_1   0x001fca    program     static E:\c18v3.46\pic18-lt\cxx-framework\src\extended\delays\d10ktcyx.asm
                    D10Kl   0x001fd8    program     static E:\c18v3.46\pic18-lt\cxx-framework\src\extended\delays\d10ktcyx.asm
                    D10Kx   0x001fc6    program     static E:\c18v3.46\pic18-lt\cxx-framework\src\extended\delays\d10ktcyx.asm
                   D3232S   0x001944    program     static E:\c18v3.46\pic18-lt\cxx-framework\src\extended\math\div32s.asm
                D3232SNEG   0x001952    program     static E:\c18v3.46\pic18-lt\cxx-framework\src\extended\math\div32s.asm
                 D3232SOK   0x00194e    program     static E:\c18v3.46\pic18-lt\cxx-framework\src\extended\math\div32s.asm
                D3232SPOS   0x001970    program     static E:\c18v3.46\pic18-lt\cxx-framework\src\extended\math\div32s.asm
                  D3232SX   0x0019a6    program     static E:\c18v3.46\pic18-lt\cxx-framework\src\extended\math\div32s.asm
                  DA3232S   0x00192e    program     static E:\c18v3.46\pic18-lt\cxx-framework\src\extended\math\div32s.asm
             Delay10KTCYx   0x001fba    program     extern E:\c18v3.46\pic18-lt\cxx-framework\src\extended\delays\d10ktcyx.asm
               Open1USART   0x001dc2    program     extern E:\c18v3.46\pic18-lt\cxx-framework\src\pmc_common\USART\u1open.c
               Open2USART   0x001d3e    program     extern E:\c18v3.46\pic18-lt\cxx-framework\src\pmc_common\USART\u2open.c
               OpenTimer0   0x001ff0    program     extern E:\c18v3.46\pic18-lt\cxx-framework\src\pmc_common\Timers\t0open.c
                  RESTORE   0x001bd6    program     static E:\c18v3.46\pic18-lt\cxx-framework\src\extended\math\div32u.asm
                  RESTORE   0x001998    program     static E:\c18v3.46\pic18-lt\cxx-framework\src\extended\math\div32s.asm
              RETQUOTIENT   0x001bc6    program     static E:\c18v3.46\pic18-lt\cxx-framework\src\extended\math\div32u.asm
              RETQUOTIENT   0x001988    program     static E:\c18v3.46\pic18-lt\cxx-framework\src\extended\math\div32s.asm
               Read1USART   0x001f7c    program     extern E:\c18v3.46\pic18-lt\cxx-framework\src\pmc_common\USART\u1read.c
               Read2USART   0x001f3e    program     extern E:\c18v3.46\pic18-lt\cxx-framework\src\pmc_common\USART\u2read.c
               Read_b_eep   0x001efc    program     extern E:\c18v3.46\pic18-lt\cxx-framework\src\pmc_common\EEP\read_B.c
                  SETSIGN   0x001914    program     static E:\c18v3.46\pic18-lt\cxx-framework\src\extended\math\div32s.asm
                 SETUPSTK   0x001b40    program     static E:\c18v3.46\pic18-lt\cxx-framework\src\extended\math\div32u.asm
                 SETUPSTK   0x0018f4    program     static E:\c18v3.46\pic18-lt\cxx-framework\src\extended\math\div32s.asm
              Test_Screen   0x000b02    program     extern X:\vtouch18f8722\example2.c
              Write1USART   0x002084    program     extern E:\c18v3.46\pic18-lt\cxx-framework\src\pmc_common\USART\u1write.c
              Write2USART   0x002056    program     extern E:\c18v3.46\pic18-lt\cxx-framework\src\pmc_common\USART\u2write.c
              WriteTimer0   0x002026    program     extern E:\c18v3.46\pic18-lt\cxx-framework\src\pmc_common\Timers\t0write.c
              Write_b_eep   0x001e3c    program     extern E:\c18v3.46\pic18-lt\cxx-framework\src\pmc_common\EEP\write_B.c
       _D10KTCYXCODE_0014   0x001fce    program     static E:\c18v3.46\pic18-lt\cxx-framework\src\extended\delays\d10ktcyx.asm
       _D10KTCYXCODE_0022   0x001fdc    program     static E:\c18v3.46\pic18-lt\cxx-framework\src\extended\delays\d10ktcyx.asm
                 __FpPack   0x0016a4    program     extern E:\c18v3.46\pic18-lt\cxx-framework\src\extended\math\packFP.asm
            __FpReturnNaN   0x001726    program     extern E:\c18v3.46\pic18-lt\cxx-framework\src\extended\math\packFP.asm
         __FpReturnNegInf   0x001738    program     extern E:\c18v3.46\pic18-lt\cxx-framework\src\extended\math\packFP.asm
        __FpReturnNegZero   0x001750    program     extern E:\c18v3.46\pic18-lt\cxx-framework\src\extended\math\packFP.asm
         __FpReturnPosInf   0x00173e    program     extern E:\c18v3.46\pic18-lt\cxx-framework\src\extended\math\packFP.asm
        __FpReturnPosZero   0x001758    program     extern E:\c18v3.46\pic18-lt\cxx-framework\src\extended\math\packFP.asm
        __FpReturnSignInf   0x001734    program     extern E:\c18v3.46\pic18-lt\cxx-framework\src\extended\math\packFP.asm
       __FpReturnSignZero   0x00174c    program     extern E:\c18v3.46\pic18-lt\cxx-framework\src\extended\math\packFP.asm
              __FpReturnW   0x0016fc    program     extern E:\c18v3.46\pic18-lt\cxx-framework\src\extended\math\packFP.asm
              __FpUnPackA   0x001812    program     extern E:\c18v3.46\pic18-lt\cxx-framework\src\extended\math\unpackFP.asm
              __FpUnPackB   0x001842    program     extern E:\c18v3.46\pic18-lt\cxx-framework\src\extended\math\unpackFP.asm
         ___else_lbl00201   0x001082    program     static                          
         ___else_lbl00205   0x0011d4    program     static                          
         ___else_lbl00207   0x0012da    program     static                          
         ___else_lbl00220   0x001434    program     static                          
          ___for_lbl00104   0x0008be    program     static                          
          ___for_lbl00105   0x0008d4    program     static                          
          ___for_lbl00106   0x0008aa    program     static                          
           ___if_lbl00165   0x000c60    program     static                          
           ___if_lbl00166   0x000ca2    program     static                          
           ___if_lbl00168   0x000ce6    program     static                          
           ___if_lbl00169   0x000cf4    program     static                          
           ___if_lbl00171   0x000d10    program     static                          
           ___if_lbl00172   0x000d20    program     static                          
           ___if_lbl00173   0x000d32    program     static                          
           ___if_lbl00174   0x000d42    program     static                          
           ___if_lbl00175   0x000d42    program     static                          
           ___if_lbl00176   0x000dcc    program     static                          
           ___if_lbl00177   0x000e20    program     static                          
           ___if_lbl00178   0x000e88    program     static                          
           ___if_lbl00179   0x000e88    program     static                          
           ___if_lbl00180   0x000ec8    program     static                          
           ___if_lbl00190   0x000fac    program     static                          
           ___if_lbl00193   0x001050    program     static                          
           ___if_lbl00194   0x001050    program     static                          
           ___if_lbl00199   0x00109e    program     static                          
           ___if_lbl00200   0x00109e    program     static                          
           ___if_lbl00202   0x00109e    program     static                          
           ___if_lbl00203   0x0010a8    program     static                          
           ___if_lbl00204   0x0012b8    program     static                          
           ___if_lbl00206   0x00130c    program     static                          
           ___if_lbl00208   0x00130c    program     static                          
           ___if_lbl00209   0x001348    program     static                          
           ___if_lbl00210   0x001386    program     static                          
           ___if_lbl00211   0x0013a2    program     static                          
           ___if_lbl00212   0x0013a8    program     static                          
           ___if_lbl00213   0x0013b2    program     static                          
           ___if_lbl00214   0x0013bc    program     static                          
           ___if_lbl00215   0x0013c6    program     static                          
           ___if_lbl00216   0x0013ca    program     static                          
           ___if_lbl00219   0x001448    program     static                          
           ___if_lbl00223   0x00147c    program     static                          
           ___if_lbl00224   0x00147c    program     static                          
           ___if_lbl00225   0x001486    program     static                          
           ___if_lbl00226   0x001490    program     static                          
           ___if_lbl00227   0x001494    program     static                          
           ___if_lbl00230   0x001502    program     static                          
           ___if_lbl00231   0x00150c    program     static                          
           ___if_lbl00232   0x001516    program     static                          
           ___if_lbl00233   0x00151a    program     static                          
       ___return_lbl00000   0x00000c    program     static                          
       ___return_lbl00000   0x001f32    program     static                          
       ___return_lbl00000   0x000004    program     static                          
       ___return_lbl00001   0x0020ea    program     static                          
       ___return_lbl00002   0x001d3c    program     static                          
       ___return_lbl00103   0x0008d4    program     static                          
       ___return_lbl00164   0x00151a    program     static                          
        ___while_lbl00181   0x000eda    program     static                          
        ___while_lbl00182   0x000ee6    program     static                          
        ___while_lbl00183   0x000ee6    program     static                          
        ___while_lbl00184   0x000ef2    program     static                          
        ___while_lbl00185   0x000f14    program     static                          
        ___while_lbl00186   0x000fae    program     static                          
        ___while_lbl00188   0x000f36    program     static                          
        ___while_lbl00189   0x000fac    program     static                          
        ___while_lbl00191   0x000fb0    program     static                          
        ___while_lbl00192   0x0013ca    program     static                          
        ___while_lbl00196   0x00107e    program     static                          
        ___while_lbl00197   0x001080    program     static                          
        ___while_lbl00217   0x0013d0    program     static                          
        ___while_lbl00218   0x001494    program     static                          
        ___while_lbl00228   0x00149c    program     static                          
        ___while_lbl00229   0x00151a    program     static                          
              __cast08sFP   0x00166e    program     extern E:\c18v3.46\pic18-lt\cxx-framework\src\extended\math\cast08FP.asm
              __cast08uFP   0x00166a    program     extern E:\c18v3.46\pic18-lt\cxx-framework\src\extended\math\cast08FP.asm
              __cast16sFP   0x001762    program     extern E:\c18v3.46\pic18-lt\cxx-framework\src\extended\math\cast16FP.asm
              __cast16uFP   0x00175e    program     extern E:\c18v3.46\pic18-lt\cxx-framework\src\extended\math\cast16FP.asm
               __castFP08   0x0017a0    program     extern E:\c18v3.46\pic18-lt\cxx-framework\src\extended\math\castFP08.asm
               __castFP16   0x00186e    program     extern E:\c18v3.46\pic18-lt\cxx-framework\src\extended\math\castFP16.asm
               __config_0   0x300001    program     static X:\vtouch18f8722\example2.c
               __config_1   0x300002    program     static X:\vtouch18f8722\example2.c
              __config_10   0x30000c    program     static X:\vtouch18f8722\example2.c
              __config_11   0x30000d    program     static X:\vtouch18f8722\example2.c
               __config_2   0x300003    program     static X:\vtouch18f8722\example2.c
               __config_3   0x300004    program     static X:\vtouch18f8722\example2.c
               __config_4   0x300005    program     static X:\vtouch18f8722\example2.c
               __config_5   0x300006    program     static X:\vtouch18f8722\example2.c
               __config_6   0x300008    program     static X:\vtouch18f8722\example2.c
               __config_7   0x300009    program     static X:\vtouch18f8722\example2.c
               __config_8   0x30000a    program     static X:\vtouch18f8722\example2.c
               __config_9   0x30000b    program     static X:\vtouch18f8722\example2.c
                 __div32s   0x00190c    program     extern E:\c18v3.46\pic18-lt\cxx-framework\src\extended\math\div32s.asm
                 __div32u   0x001b58    program     extern E:\c18v3.46\pic18-lt\cxx-framework\src\extended\math\div32u.asm
                   __init   0x000006    program     extern E:\c18v3.46\pic18-lt\cxx-framework\src\extended\stdclib\__init.c
                 __mod32s   0x001912    program     extern E:\c18v3.46\pic18-lt\cxx-framework\src\extended\math\div32s.asm
                 __mod32u   0x001b5e    program     extern E:\c18v3.46\pic18-lt\cxx-framework\src\extended\math\div32u.asm
                  __mul32   0x0019b0    program     extern E:\c18v3.46\pic18-lt\cxx-framework\src\extended\math\mul32.asm
                  __mulFP   0x001a52    program     extern E:\c18v3.46\pic18-lt\cxx-framework\src\extended\math\mulFP.asm
                   __pa_0   0x001522    program     static X:\vtouch18f8722\example2.c
                   __pa_1   0x00152e    program     static X:\vtouch18f8722\example2.c
                  __pa_10   0x0015c2    program     static X:\vtouch18f8722\example2.c
                  __pa_11   0x0015d4    program     static X:\vtouch18f8722\example2.c
                  __pa_12   0x0015e6    program     static X:\vtouch18f8722\example2.c
                  __pa_13   0x0015f8    program     static X:\vtouch18f8722\example2.c
                  __pa_14   0x001602    program     static X:\vtouch18f8722\example2.c
                  __pa_15   0x001610    program     static X:\vtouch18f8722\example2.c
                  __pa_16   0x00161e    program     static X:\vtouch18f8722\example2.c
                  __pa_17   0x001626    program     static X:\vtouch18f8722\example2.c
                  __pa_18   0x001630    program     static X:\vtouch18f8722\example2.c
                  __pa_19   0x00163a    program     static X:\vtouch18f8722\example2.c
                   __pa_2   0x001536    program     static X:\vtouch18f8722\example2.c
                  __pa_20   0x00164a    program     static X:\vtouch18f8722\example2.c
                  __pa_21   0x001654    program     static X:\vtouch18f8722\example2.c
                  __pa_22   0x001660    program     static X:\vtouch18f8722\example2.c
                   __pa_3   0x001540    program     static X:\vtouch18f8722\example2.c
                   __pa_4   0x00155c    program     static X:\vtouch18f8722\example2.c
                   __pa_5   0x00156c    program     static X:\vtouch18f8722\example2.c
                   __pa_6   0x001574    program     static X:\vtouch18f8722\example2.c
                   __pa_7   0x001588    program     static X:\vtouch18f8722\example2.c
                   __pa_8   0x00159c    program     static X:\vtouch18f8722\example2.c
                   __pa_9   0x0015b0    program     static X:\vtouch18f8722\example2.c
               __string_0   0x0020f5    program     static X:\vtouch18f8722\example2.c
               __string_1   0x0020ec    program     static X:\vtouch18f8722\example2.c
              __tmplbl_30   0x0008ba    program     static                          
              __tmplbl_35   0x000cd8    program     static                          
              __tmplbl_36   0x000cd2    program     static                          
              __tmplbl_37   0x000d00    program     static                          
              __tmplbl_38   0x000cfa    program     static                          
              __tmplbl_39   0x000f32    program     static                          
              __tmplbl_40   0x000f28    program     static                          
              __tmplbl_41   0x001014    program     static                          
              __tmplbl_42   0x001078    program     static                          
              __tmplbl_43   0x001072    program     static                          
              __tmplbl_44   0x001094    program     static                          
              __tmplbl_45   0x00108e    program     static                          
              __tmplbl_46   0x001406    program     static                          
              __tmplbl_47   0x001464    program     static                          
              __tmplbl_48   0x001458    program     static                          
              __tmplbl_49   0x00145e    program     static                          
              __tmplbl_50   0x0014d2    program     static                          
              __tmplbl_51   0x0014ee    program     static                          
              __tmplbl_52   0x0014ea    program     static                          
              __tmplbl_80   0x00156c    program     static                          
              __tmplbl_83   0x00156c    program     static                          
              __tmplbl_84   0x00161e    program     static                          
              __tmplbl_87   0x00161e    program     static                          
              __tmplbl_88   0x00161e    program     static                          
              __tmplbl_90   0x00156c    program     static                          
              __tmplbl_92   0x00156c    program     static                          
              __tmplbl_94   0x00156c    program     static                          
            __zero_memory   0x0020b2    program     extern E:\c18v3.46\pic18-lt\cxx-framework\src\extended\proc\p18f8722.asm
                _do_cinit   0x001ca0    program     extern E:\c18v3.46\pic18-lt\cxx-framework\src\extended\startup\c018i_e.c
            _early32uexit   0x001b62    program     extern E:\c18v3.46\pic18-lt\cxx-framework\src\extended\math\div32u.asm
                   _entry   0x000000    program     extern E:\c18v3.46\pic18-lt\cxx-framework\src\extended\startup\c018i_e.c
                   _false   0x001ba6    program     static E:\c18v3.46\pic18-lt\cxx-framework\src\extended\math\div32u.asm
                 _startup   0x0020d2    program     extern E:\c18v3.46\pic18-lt\cxx-framework\src\extended\startup\c018i_e.c
            build_version   0x001be4    program     extern X:\vtouch18f8722\example2.c
                compare_l   0x0020c8    program     static E:\c18v3.46\pic18-lt\cxx-framework\src\extended\proc\p18f8722.asm
                copy_loop   0x001d12    program     static                          
            copy_one_byte   0x001d18    program     static                          
                divmod32u   0x001b64    program     static E:\c18v3.46\pic18-lt\cxx-framework\src\extended\math\div32u.asm
                     done   0x001d3c    program     static                          
             done_copying   0x001d26    program     static                          
              eloSScmdout   0x000912    program     extern X:\vtouch18f8722\example2.c
                elocmdout   0x0008dc    program     extern X:\vtouch18f8722\example2.c
            elocmdout_v80   0x00099c    program     extern X:\vtouch18f8722\example2.c
                 elocodes   0x001c3c    program     extern X:\vtouch18f8722\example2.c
             elocodes_s_v   0x001c2e    program     extern X:\vtouch18f8722\example2.c
             elopacketout   0x000946    program     extern X:\vtouch18f8722\example2.c
                 jANotInf   0x001a84    program     static E:\c18v3.46\pic18-lt\cxx-framework\src\extended\math\mulFP.asm
                     jBeg   0x001764    program     static E:\c18v3.46\pic18-lt\cxx-framework\src\extended\math\cast16FP.asm
                     jBeg   0x001670    program     static E:\c18v3.46\pic18-lt\cxx-framework\src\extended\math\cast08FP.asm
              jBothFinite   0x001a92    program     static E:\c18v3.46\pic18-lt\cxx-framework\src\extended\math\mulFP.asm
             jBothNotZero   0x001a9e    program     static E:\c18v3.46\pic18-lt\cxx-framework\src\extended\math\mulFP.asm
                    jDone   0x001800    program     static E:\c18v3.46\pic18-lt\cxx-framework\src\extended\math\castFP08.asm
                    jDone   0x0018de    program     static E:\c18v3.46\pic18-lt\cxx-framework\src\extended\math\castFP16.asm
                    jExit   0x0018e6    program     static E:\c18v3.46\pic18-lt\cxx-framework\src\extended\math\castFP16.asm
                    jExit   0x001804    program     static E:\c18v3.46\pic18-lt\cxx-framework\src\extended\math\castFP08.asm
                    jExit   0x001718    program     static E:\c18v3.46\pic18-lt\cxx-framework\src\extended\math\packFP.asm
                jHaveZero   0x001a9a    program     static E:\c18v3.46\pic18-lt\cxx-framework\src\extended\math\mulFP.asm
                    jLoop   0x0017e8    program     static E:\c18v3.46\pic18-lt\cxx-framework\src\extended\math\castFP08.asm
                    jLoop   0x0018be    program     static E:\c18v3.46\pic18-lt\cxx-framework\src\extended\math\castFP16.asm
                jLoopExit   0x0017f6    program     static E:\c18v3.46\pic18-lt\cxx-framework\src\extended\math\castFP08.asm
                jLoopExit   0x0018ce    program     static E:\c18v3.46\pic18-lt\cxx-framework\src\extended\math\castFP16.asm
                     jMax   0x0017c4    program     static E:\c18v3.46\pic18-lt\cxx-framework\src\extended\math\castFP08.asm
                     jMax   0x001892    program     static E:\c18v3.46\pic18-lt\cxx-framework\src\extended\math\castFP16.asm
                  jMaxNeg   0x0018a0    program     static E:\c18v3.46\pic18-lt\cxx-framework\src\extended\math\castFP16.asm
                  jMaxNeg   0x0017ce    program     static E:\c18v3.46\pic18-lt\cxx-framework\src\extended\math\castFP08.asm
                  jMaxPos   0x001896    program     static E:\c18v3.46\pic18-lt\cxx-framework\src\extended\math\castFP16.asm
                  jMaxPos   0x0017c8    program     static E:\c18v3.46\pic18-lt\cxx-framework\src\extended\math\castFP08.asm
                  jNotInf   0x0018ae    program     static E:\c18v3.46\pic18-lt\cxx-framework\src\extended\math\castFP16.asm
                  jNotInf   0x0017d8    program     static E:\c18v3.46\pic18-lt\cxx-framework\src\extended\math\castFP08.asm
                  jNotNeg   0x001690    program     static E:\c18v3.46\pic18-lt\cxx-framework\src\extended\math\cast08FP.asm
                  jNotNeg   0x00178a    program     static E:\c18v3.46\pic18-lt\cxx-framework\src\extended\math\cast16FP.asm
                  jPkLoop   0x0016b2    program     static E:\c18v3.46\pic18-lt\cxx-framework\src\extended\math\packFP.asm
             jPkRoundDone   0x0016fc    program     static E:\c18v3.46\pic18-lt\cxx-framework\src\extended\math\packFP.asm
               jPkRoundIt   0x0016e4    program     static E:\c18v3.46\pic18-lt\cxx-framework\src\extended\math\packFP.asm
             jPkShiftDone   0x0016ce    program     static E:\c18v3.46\pic18-lt\cxx-framework\src\extended\math\packFP.asm
           jReturnPosInf0   0x001742    program     static E:\c18v3.46\pic18-lt\cxx-framework\src\extended\math\packFP.asm
                  jUnpkA1   0x00181c    program     static E:\c18v3.46\pic18-lt\cxx-framework\src\extended\math\unpackFP.asm
                  jUnpkA2   0x001834    program     static E:\c18v3.46\pic18-lt\cxx-framework\src\extended\math\unpackFP.asm
                 jUnpkANZ   0x00182a    program     static E:\c18v3.46\pic18-lt\cxx-framework\src\extended\math\unpackFP.asm
                  jUnpkB1   0x00184c    program     static E:\c18v3.46\pic18-lt\cxx-framework\src\extended\math\unpackFP.asm
                  jUnpkB2   0x001864    program     static E:\c18v3.46\pic18-lt\cxx-framework\src\extended\math\unpackFP.asm
                 jUnpkBNZ   0x00185a    program     static E:\c18v3.46\pic18-lt\cxx-framework\src\extended\math\unpackFP.asm
                 jUnpkNaN   0x00183e    program     static E:\c18v3.46\pic18-lt\cxx-framework\src\extended\math\unpackFP.asm
                    jZero   0x0017d4    program     static E:\c18v3.46\pic18-lt\cxx-framework\src\extended\math\castFP08.asm
                    jZero   0x0018a8    program     static E:\c18v3.46\pic18-lt\cxx-framework\src\extended\math\castFP16.asm
               jZero1and2   0x001746    program     static E:\c18v3.46\pic18-lt\cxx-framework\src\extended\math\packFP.asm
                     loop   0x001b72    program     static E:\c18v3.46\pic18-lt\cxx-framework\src\extended\math\div32u.asm
                     loop   0x0020e0    program     static                          
                   loop_h   0x0020c0    program     static E:\c18v3.46\pic18-lt\cxx-framework\src\extended\proc\p18f8722.asm
                   loop_l   0x0020ca    program     static E:\c18v3.46\pic18-lt\cxx-framework\src\extended\proc\p18f8722.asm
                     main   0x000bd8    program     extern X:\vtouch18f8722\example2.c
                    putc1   0x000ac2    program     extern X:\vtouch18f8722\example2.c
                    putc2   0x000ada    program     extern X:\vtouch18f8722\example2.c
              putrs1USART   0x001ea0    program     extern E:\c18v3.46\pic18-lt\cxx-framework\src\pmc_common\USART\u1putrs.c
             rxtx_handler   0x000034    program     extern X:\vtouch18f8722\example2.c
                setup_lcd   0x000a2a    program     extern X:\vtouch18f8722\example2.c
              start_delay   0x000af2    program     extern X:\vtouch18f8722\example2.c
                     test   0x001cba    program     static                          
                touch_cam   0x000834    program     extern X:\vtouch18f8722\example2.c
                touch_int   0x000008    program     extern X:\vtouch18f8722\example2.c
                 wdtdelay   0x000896    program     extern X:\vtouch18f8722\example2.c
               zero_block   0x0020c0    program     static E:\c18v3.46\pic18-lt\cxx-framework\src\extended\proc\p18f8722.asm
                   ADCON0   0x000fc2       data     extern E:\c18v3.46\pic18-lt\cxx-framework\src\extended\proc\p18f8722.asm
               ADCON0bits   0x000fc2       data     extern E:\c18v3.46\pic18-lt\cxx-framework\src\extended\proc\p18f8722.asm
                   ADCON1   0x000fc1       data     extern E:\c18v3.46\pic18-lt\cxx-framework\src\extended\proc\p18f8722.asm
               ADCON1bits   0x000fc1       data     extern E:\c18v3.46\pic18-lt\cxx-framework\src\extended\proc\p18f8722.asm
                   ADCON2   0x000fc0       data     extern E:\c18v3.46\pic18-lt\cxx-framework\src\extended\proc\p18f8722.asm
               ADCON2bits   0x000fc0       data     extern E:\c18v3.46\pic18-lt\cxx-framework\src\extended\proc\p18f8722.asm
                    ADRES   0x000fc3       data     extern E:\c18v3.46\pic18-lt\cxx-framework\src\extended\proc\p18f8722.asm
                   ADRESH   0x000fc4       data     extern E:\c18v3.46\pic18-lt\cxx-framework\src\extended\proc\p18f8722.asm
                   ADRESL   0x000fc3       data     extern E:\c18v3.46\pic18-lt\cxx-framework\src\extended\proc\p18f8722.asm
                  BAUDCON   0x000f7e       data     extern E:\c18v3.46\pic18-lt\cxx-framework\src\extended\proc\p18f8722.asm
                 BAUDCON1   0x000f7e       data     extern E:\c18v3.46\pic18-lt\cxx-framework\src\extended\proc\p18f8722.asm
             BAUDCON1bits   0x000f7e       data     extern E:\c18v3.46\pic18-lt\cxx-framework\src\extended\proc\p18f8722.asm
                 BAUDCON2   0x000f7c       data     extern E:\c18v3.46\pic18-lt\cxx-framework\src\extended\proc\p18f8722.asm
             BAUDCON2bits   0x000f7c       data     extern E:\c18v3.46\pic18-lt\cxx-framework\src\extended\proc\p18f8722.asm
              BAUDCONbits   0x000f7e       data     extern E:\c18v3.46\pic18-lt\cxx-framework\src\extended\proc\p18f8722.asm
                      BSR   0x000fe0       data     extern E:\c18v3.46\pic18-lt\cxx-framework\src\extended\proc\p18f8722.asm
                      CAM   0x000015       data     extern X:\vtouch18f8722\example2.c
                    CATCH   0x00000a       data     extern X:\vtouch18f8722\example2.c
                  CATCH37   0x000010       data     extern X:\vtouch18f8722\example2.c
                  CATCH46   0x00000f       data     extern X:\vtouch18f8722\example2.c
                  CCP1CON   0x000fbd       data     extern E:\c18v3.46\pic18-lt\cxx-framework\src\extended\proc\p18f8722.asm
              CCP1CONbits   0x000fbd       data     extern E:\c18v3.46\pic18-lt\cxx-framework\src\extended\proc\p18f8722.asm
                  CCP2CON   0x000fba       data     extern E:\c18v3.46\pic18-lt\cxx-framework\src\extended\proc\p18f8722.asm
              CCP2CONbits   0x000fba       data     extern E:\c18v3.46\pic18-lt\cxx-framework\src\extended\proc\p18f8722.asm
                  CCP3CON   0x000fb7       data     extern E:\c18v3.46\pic18-lt\cxx-framework\src\extended\proc\p18f8722.asm
              CCP3CONbits   0x000fb7       data     extern E:\c18v3.46\pic18-lt\cxx-framework\src\extended\proc\p18f8722.asm
                  CCP4CON   0x000f73       data     extern E:\c18v3.46\pic18-lt\cxx-framework\src\extended\proc\p18f8722.asm
              CCP4CONbits   0x000f73       data     extern E:\c18v3.46\pic18-lt\cxx-framework\src\extended\proc\p18f8722.asm
                  CCP5CON   0x000f70       data     extern E:\c18v3.46\pic18-lt\cxx-framework\src\extended\proc\p18f8722.asm
              CCP5CONbits   0x000f70       data     extern E:\c18v3.46\pic18-lt\cxx-framework\src\extended\proc\p18f8722.asm
                    CCPR1   0x000fbe       data     extern E:\c18v3.46\pic18-lt\cxx-framework\src\extended\proc\p18f8722.asm
                   CCPR1H   0x000fbf       data     extern E:\c18v3.46\pic18-lt\cxx-framework\src\extended\proc\p18f8722.asm
                   CCPR1L   0x000fbe       data     extern E:\c18v3.46\pic18-lt\cxx-framework\src\extended\proc\p18f8722.asm
                    CCPR2   0x000fbb       data     extern E:\c18v3.46\pic18-lt\cxx-framework\src\extended\proc\p18f8722.asm
                   CCPR2H   0x000fbc       data     extern E:\c18v3.46\pic18-lt\cxx-framework\src\extended\proc\p18f8722.asm
                   CCPR2L   0x000fbb       data     extern E:\c18v3.46\pic18-lt\cxx-framework\src\extended\proc\p18f8722.asm
                    CCPR3   0x000fb8       data     extern E:\c18v3.46\pic18-lt\cxx-framework\src\extended\proc\p18f8722.asm
                   CCPR3H   0x000fb9       data     extern E:\c18v3.46\pic18-lt\cxx-framework\src\extended\proc\p18f8722.asm
                   CCPR3L   0x000fb8       data     extern E:\c18v3.46\pic18-lt\cxx-framework\src\extended\proc\p18f8722.asm
                    CCPR4   0x000f74       data     extern E:\c18v3.46\pic18-lt\cxx-framework\src\extended\proc\p18f8722.asm
                   CCPR4H   0x000f75       data     extern E:\c18v3.46\pic18-lt\cxx-framework\src\extended\proc\p18f8722.asm
                   CCPR4L   0x000f74       data     extern E:\c18v3.46\pic18-lt\cxx-framework\src\extended\proc\p18f8722.asm
                    CCPR5   0x000f71       data     extern E:\c18v3.46\pic18-lt\cxx-framework\src\extended\proc\p18f8722.asm
                   CCPR5H   0x000f72       data     extern E:\c18v3.46\pic18-lt\cxx-framework\src\extended\proc\p18f8722.asm
                   CCPR5L   0x000f71       data     extern E:\c18v3.46\pic18-lt\cxx-framework\src\extended\proc\p18f8722.asm
                    CMCON   0x000fb4       data     extern E:\c18v3.46\pic18-lt\cxx-framework\src\extended\proc\p18f8722.asm
                CMCONbits   0x000fb4       data     extern E:\c18v3.46\pic18-lt\cxx-framework\src\extended\proc\p18f8722.asm
                   CVRCON   0x000fb5       data     extern E:\c18v3.46\pic18-lt\cxx-framework\src\extended\proc\p18f8722.asm
               CVRCONbits   0x000fb5       data     extern E:\c18v3.46\pic18-lt\cxx-framework\src\extended\proc\p18f8722.asm
                    DATA1   0x000013       data     extern X:\vtouch18f8722\example2.c
                    DATA2   0x000014       data     extern X:\vtouch18f8722\example2.c
                     DDRA   0x000f92       data     extern E:\c18v3.46\pic18-lt\cxx-framework\src\extended\proc\p18f8722.asm
                 DDRAbits   0x000f92       data     extern E:\c18v3.46\pic18-lt\cxx-framework\src\extended\proc\p18f8722.asm
                     DDRB   0x000f93       data     extern E:\c18v3.46\pic18-lt\cxx-framework\src\extended\proc\p18f8722.asm
                 DDRBbits   0x000f93       data     extern E:\c18v3.46\pic18-lt\cxx-framework\src\extended\proc\p18f8722.asm
                     DDRC   0x000f94       data     extern E:\c18v3.46\pic18-lt\cxx-framework\src\extended\proc\p18f8722.asm
                 DDRCbits   0x000f94       data     extern E:\c18v3.46\pic18-lt\cxx-framework\src\extended\proc\p18f8722.asm
                     DDRD   0x000f95       data     extern E:\c18v3.46\pic18-lt\cxx-framework\src\extended\proc\p18f8722.asm
                 DDRDbits   0x000f95       data     extern E:\c18v3.46\pic18-lt\cxx-framework\src\extended\proc\p18f8722.asm
                     DDRE   0x000f96       data     extern E:\c18v3.46\pic18-lt\cxx-framework\src\extended\proc\p18f8722.asm
                 DDREbits   0x000f96       data     extern E:\c18v3.46\pic18-lt\cxx-framework\src\extended\proc\p18f8722.asm
                     DDRF   0x000f97       data     extern E:\c18v3.46\pic18-lt\cxx-framework\src\extended\proc\p18f8722.asm
                 DDRFbits   0x000f97       data     extern E:\c18v3.46\pic18-lt\cxx-framework\src\extended\proc\p18f8722.asm
                     DDRG   0x000f98       data     extern E:\c18v3.46\pic18-lt\cxx-framework\src\extended\proc\p18f8722.asm
                 DDRGbits   0x000f98       data     extern E:\c18v3.46\pic18-lt\cxx-framework\src\extended\proc\p18f8722.asm
                     DDRH   0x000f99       data     extern E:\c18v3.46\pic18-lt\cxx-framework\src\extended\proc\p18f8722.asm
                 DDRHbits   0x000f99       data     extern E:\c18v3.46\pic18-lt\cxx-framework\src\extended\proc\p18f8722.asm
                     DDRJ   0x000f9a       data     extern E:\c18v3.46\pic18-lt\cxx-framework\src\extended\proc\p18f8722.asm
                 DDRJbits   0x000f9a       data     extern E:\c18v3.46\pic18-lt\cxx-framework\src\extended\proc\p18f8722.asm
            DelayCounter1   0x000057       data     extern E:\c18v3.46\pic18-lt\cxx-framework\src\extended\delays\delayd1.asm
            DelayCounter2   0x000056       data     extern E:\c18v3.46\pic18-lt\cxx-framework\src\extended\delays\delayd2.asm
                  ECCP1AS   0x000fb6       data     extern E:\c18v3.46\pic18-lt\cxx-framework\src\extended\proc\p18f8722.asm
              ECCP1ASbits   0x000fb6       data     extern E:\c18v3.46\pic18-lt\cxx-framework\src\extended\proc\p18f8722.asm
                 ECCP1CON   0x000fbd       data     extern E:\c18v3.46\pic18-lt\cxx-framework\src\extended\proc\p18f8722.asm
             ECCP1CONbits   0x000fbd       data     extern E:\c18v3.46\pic18-lt\cxx-framework\src\extended\proc\p18f8722.asm
                 ECCP1DEL   0x000f79       data     extern E:\c18v3.46\pic18-lt\cxx-framework\src\extended\proc\p18f8722.asm
             ECCP1DELbits   0x000f79       data     extern E:\c18v3.46\pic18-lt\cxx-framework\src\extended\proc\p18f8722.asm
                  ECCP2AS   0x000f68       data     extern E:\c18v3.46\pic18-lt\cxx-framework\src\extended\proc\p18f8722.asm
              ECCP2ASbits   0x000f68       data     extern E:\c18v3.46\pic18-lt\cxx-framework\src\extended\proc\p18f8722.asm
                 ECCP2CON   0x000fba       data     extern E:\c18v3.46\pic18-lt\cxx-framework\src\extended\proc\p18f8722.asm
             ECCP2CONbits   0x000fba       data     extern E:\c18v3.46\pic18-lt\cxx-framework\src\extended\proc\p18f8722.asm
                 ECCP2DEL   0x000f67       data     extern E:\c18v3.46\pic18-lt\cxx-framework\src\extended\proc\p18f8722.asm
             ECCP2DELbits   0x000f67       data     extern E:\c18v3.46\pic18-lt\cxx-framework\src\extended\proc\p18f8722.asm
                  ECCP3AS   0x000f6a       data     extern E:\c18v3.46\pic18-lt\cxx-framework\src\extended\proc\p18f8722.asm
              ECCP3ASbits   0x000f6a       data     extern E:\c18v3.46\pic18-lt\cxx-framework\src\extended\proc\p18f8722.asm
                 ECCP3CON   0x000fb7       data     extern E:\c18v3.46\pic18-lt\cxx-framework\src\extended\proc\p18f8722.asm
             ECCP3CONbits   0x000fb7       data     extern E:\c18v3.46\pic18-lt\cxx-framework\src\extended\proc\p18f8722.asm
                 ECCP3DEL   0x000f69       data     extern E:\c18v3.46\pic18-lt\cxx-framework\src\extended\proc\p18f8722.asm
             ECCP3DELbits   0x000f69       data     extern E:\c18v3.46\pic18-lt\cxx-framework\src\extended\proc\p18f8722.asm
                    EEADR   0x000fa9       data     extern E:\c18v3.46\pic18-lt\cxx-framework\src\extended\proc\p18f8722.asm
                   EEADRH   0x000faa       data     extern E:\c18v3.46\pic18-lt\cxx-framework\src\extended\proc\p18f8722.asm
                   EECON1   0x000fa6       data     extern E:\c18v3.46\pic18-lt\cxx-framework\src\extended\proc\p18f8722.asm
               EECON1bits   0x000fa6       data     extern E:\c18v3.46\pic18-lt\cxx-framework\src\extended\proc\p18f8722.asm
                   EECON2   0x000fa7       data     extern E:\c18v3.46\pic18-lt\cxx-framework\src\extended\proc\p18f8722.asm
                   EEDATA   0x000fa8       data     extern E:\c18v3.46\pic18-lt\cxx-framework\src\extended\proc\p18f8722.asm
                     FSR0   0x000fe9       data     extern E:\c18v3.46\pic18-lt\cxx-framework\src\extended\proc\p18f8722.asm
                    FSR0H   0x000fea       data     extern E:\c18v3.46\pic18-lt\cxx-framework\src\extended\proc\p18f8722.asm
                    FSR0L   0x000fe9       data     extern E:\c18v3.46\pic18-lt\cxx-framework\src\extended\proc\p18f8722.asm
                     FSR1   0x000fe1       data     extern E:\c18v3.46\pic18-lt\cxx-framework\src\extended\proc\p18f8722.asm
                    FSR1H   0x000fe2       data     extern E:\c18v3.46\pic18-lt\cxx-framework\src\extended\proc\p18f8722.asm
                    FSR1L   0x000fe1       data     extern E:\c18v3.46\pic18-lt\cxx-framework\src\extended\proc\p18f8722.asm
                     FSR2   0x000fd9       data     extern E:\c18v3.46\pic18-lt\cxx-framework\src\extended\proc\p18f8722.asm
                    FSR2H   0x000fda       data     extern E:\c18v3.46\pic18-lt\cxx-framework\src\extended\proc\p18f8722.asm
                    FSR2L   0x000fd9       data     extern E:\c18v3.46\pic18-lt\cxx-framework\src\extended\proc\p18f8722.asm
                  HLVDCON   0x000fd2       data     extern E:\c18v3.46\pic18-lt\cxx-framework\src\extended\proc\p18f8722.asm
              HLVDCONbits   0x000fd2       data     extern E:\c18v3.46\pic18-lt\cxx-framework\src\extended\proc\p18f8722.asm
                    INDF0   0x000fef       data     extern E:\c18v3.46\pic18-lt\cxx-framework\src\extended\proc\p18f8722.asm
                    INDF1   0x000fe7       data     extern E:\c18v3.46\pic18-lt\cxx-framework\src\extended\proc\p18f8722.asm
                    INDF2   0x000fdf       data     extern E:\c18v3.46\pic18-lt\cxx-framework\src\extended\proc\p18f8722.asm
                   INTCON   0x000ff2       data     extern E:\c18v3.46\pic18-lt\cxx-framework\src\extended\proc\p18f8722.asm
                  INTCON2   0x000ff1       data     extern E:\c18v3.46\pic18-lt\cxx-framework\src\extended\proc\p18f8722.asm
              INTCON2bits   0x000ff1       data     extern E:\c18v3.46\pic18-lt\cxx-framework\src\extended\proc\p18f8722.asm
                  INTCON3   0x000ff0       data     extern E:\c18v3.46\pic18-lt\cxx-framework\src\extended\proc\p18f8722.asm
              INTCON3bits   0x000ff0       data     extern E:\c18v3.46\pic18-lt\cxx-framework\src\extended\proc\p18f8722.asm
               INTCONbits   0x000ff2       data     extern E:\c18v3.46\pic18-lt\cxx-framework\src\extended\proc\p18f8722.asm
                     IPR1   0x000f9f       data     extern E:\c18v3.46\pic18-lt\cxx-framework\src\extended\proc\p18f8722.asm
                 IPR1bits   0x000f9f       data     extern E:\c18v3.46\pic18-lt\cxx-framework\src\extended\proc\p18f8722.asm
                     IPR2   0x000fa2       data     extern E:\c18v3.46\pic18-lt\cxx-framework\src\extended\proc\p18f8722.asm
                 IPR2bits   0x000fa2       data     extern E:\c18v3.46\pic18-lt\cxx-framework\src\extended\proc\p18f8722.asm
                     IPR3   0x000fa5       data     extern E:\c18v3.46\pic18-lt\cxx-framework\src\extended\proc\p18f8722.asm
                 IPR3bits   0x000fa5       data     extern E:\c18v3.46\pic18-lt\cxx-framework\src\extended\proc\p18f8722.asm
                     LATA   0x000f89       data     extern E:\c18v3.46\pic18-lt\cxx-framework\src\extended\proc\p18f8722.asm
                 LATAbits   0x000f89       data     extern E:\c18v3.46\pic18-lt\cxx-framework\src\extended\proc\p18f8722.asm
                     LATB   0x000f8a       data     extern E:\c18v3.46\pic18-lt\cxx-framework\src\extended\proc\p18f8722.asm
                 LATBbits   0x000f8a       data     extern E:\c18v3.46\pic18-lt\cxx-framework\src\extended\proc\p18f8722.asm
                     LATC   0x000f8b       data     extern E:\c18v3.46\pic18-lt\cxx-framework\src\extended\proc\p18f8722.asm
                 LATCbits   0x000f8b       data     extern E:\c18v3.46\pic18-lt\cxx-framework\src\extended\proc\p18f8722.asm
                     LATD   0x000f8c       data     extern E:\c18v3.46\pic18-lt\cxx-framework\src\extended\proc\p18f8722.asm
                 LATDbits   0x000f8c       data     extern E:\c18v3.46\pic18-lt\cxx-framework\src\extended\proc\p18f8722.asm
                     LATE   0x000f8d       data     extern E:\c18v3.46\pic18-lt\cxx-framework\src\extended\proc\p18f8722.asm
                 LATEbits   0x000f8d       data     extern E:\c18v3.46\pic18-lt\cxx-framework\src\extended\proc\p18f8722.asm
                     LATF   0x000f8e       data     extern E:\c18v3.46\pic18-lt\cxx-framework\src\extended\proc\p18f8722.asm
                 LATFbits   0x000f8e       data     extern E:\c18v3.46\pic18-lt\cxx-framework\src\extended\proc\p18f8722.asm
                     LATG   0x000f8f       data     extern E:\c18v3.46\pic18-lt\cxx-framework\src\extended\proc\p18f8722.asm
                 LATGbits   0x000f8f       data     extern E:\c18v3.46\pic18-lt\cxx-framework\src\extended\proc\p18f8722.asm
                     LATH   0x000f90       data     extern E:\c18v3.46\pic18-lt\cxx-framework\src\extended\proc\p18f8722.asm
                 LATHbits   0x000f90       data     extern E:\c18v3.46\pic18-lt\cxx-framework\src\extended\proc\p18f8722.asm
                     LATJ   0x000f91       data     extern E:\c18v3.46\pic18-lt\cxx-framework\src\extended\proc\p18f8722.asm
                 LATJbits   0x000f91       data     extern E:\c18v3.46\pic18-lt\cxx-framework\src\extended\proc\p18f8722.asm
                   LCD_OK   0x00000d       data     extern X:\vtouch18f8722\example2.c
                   LED_UP   0x000036       data     static X:\vtouch18f8722\example2.c
                   LVDCON   0x000fd2       data     extern E:\c18v3.46\pic18-lt\cxx-framework\src\extended\proc\p18f8722.asm
               LVDCONbits   0x000fd2       data     extern E:\c18v3.46\pic18-lt\cxx-framework\src\extended\proc\p18f8722.asm
                   MEMCON   0x000f9c       data     extern E:\c18v3.46\pic18-lt\cxx-framework\src\extended\proc\p18f8722.asm
               MEMCONbits   0x000f9c       data     extern E:\c18v3.46\pic18-lt\cxx-framework\src\extended\proc\p18f8722.asm
                NEEDSETUP   0x000012       data     extern X:\vtouch18f8722\example2.c
                   OSCCON   0x000fd3       data     extern E:\c18v3.46\pic18-lt\cxx-framework\src\extended\proc\p18f8722.asm
               OSCCONbits   0x000fd3       data     extern E:\c18v3.46\pic18-lt\cxx-framework\src\extended\proc\p18f8722.asm
                  OSCTUNE   0x000f9b       data     extern E:\c18v3.46\pic18-lt\cxx-framework\src\extended\proc\p18f8722.asm
              OSCTUNEbits   0x000f9b       data     extern E:\c18v3.46\pic18-lt\cxx-framework\src\extended\proc\p18f8722.asm
                       PC   0x000ff9       data     extern E:\c18v3.46\pic18-lt\cxx-framework\src\extended\proc\p18f8722.asm
                      PCL   0x000ff9       data     extern E:\c18v3.46\pic18-lt\cxx-framework\src\extended\proc\p18f8722.asm
                   PCLATH   0x000ffa       data     extern E:\c18v3.46\pic18-lt\cxx-framework\src\extended\proc\p18f8722.asm
                   PCLATU   0x000ffb       data     extern E:\c18v3.46\pic18-lt\cxx-framework\src\extended\proc\p18f8722.asm
                     PIE1   0x000f9d       data     extern E:\c18v3.46\pic18-lt\cxx-framework\src\extended\proc\p18f8722.asm
                 PIE1bits   0x000f9d       data     extern E:\c18v3.46\pic18-lt\cxx-framework\src\extended\proc\p18f8722.asm
                     PIE2   0x000fa0       data     extern E:\c18v3.46\pic18-lt\cxx-framework\src\extended\proc\p18f8722.asm
                 PIE2bits   0x000fa0       data     extern E:\c18v3.46\pic18-lt\cxx-framework\src\extended\proc\p18f8722.asm
                     PIE3   0x000fa3       data     extern E:\c18v3.46\pic18-lt\cxx-framework\src\extended\proc\p18f8722.asm
                 PIE3bits   0x000fa3       data     extern E:\c18v3.46\pic18-lt\cxx-framework\src\extended\proc\p18f8722.asm
                     PIR1   0x000f9e       data     extern E:\c18v3.46\pic18-lt\cxx-framework\src\extended\proc\p18f8722.asm
                 PIR1bits   0x000f9e       data     extern E:\c18v3.46\pic18-lt\cxx-framework\src\extended\proc\p18f8722.asm
                     PIR2   0x000fa1       data     extern E:\c18v3.46\pic18-lt\cxx-framework\src\extended\proc\p18f8722.asm
                 PIR2bits   0x000fa1       data     extern E:\c18v3.46\pic18-lt\cxx-framework\src\extended\proc\p18f8722.asm
                     PIR3   0x000fa4       data     extern E:\c18v3.46\pic18-lt\cxx-framework\src\extended\proc\p18f8722.asm
                 PIR3bits   0x000fa4       data     extern E:\c18v3.46\pic18-lt\cxx-framework\src\extended\proc\p18f8722.asm
                   PLUSW0   0x000feb       data     extern E:\c18v3.46\pic18-lt\cxx-framework\src\extended\proc\p18f8722.asm
                   PLUSW1   0x000fe3       data     extern E:\c18v3.46\pic18-lt\cxx-framework\src\extended\proc\p18f8722.asm
                   PLUSW2   0x000fdb       data     extern E:\c18v3.46\pic18-lt\cxx-framework\src\extended\proc\p18f8722.asm
                    PORTA   0x000f80       data     extern E:\c18v3.46\pic18-lt\cxx-framework\src\extended\proc\p18f8722.asm
                PORTAbits   0x000f80       data     extern E:\c18v3.46\pic18-lt\cxx-framework\src\extended\proc\p18f8722.asm
                    PORTB   0x000f81       data     extern E:\c18v3.46\pic18-lt\cxx-framework\src\extended\proc\p18f8722.asm
                PORTBbits   0x000f81       data     extern E:\c18v3.46\pic18-lt\cxx-framework\src\extended\proc\p18f8722.asm
                    PORTC   0x000f82       data     extern E:\c18v3.46\pic18-lt\cxx-framework\src\extended\proc\p18f8722.asm
                PORTCbits   0x000f82       data     extern E:\c18v3.46\pic18-lt\cxx-framework\src\extended\proc\p18f8722.asm
                    PORTD   0x000f83       data     extern E:\c18v3.46\pic18-lt\cxx-framework\src\extended\proc\p18f8722.asm
                PORTDbits   0x000f83       data     extern E:\c18v3.46\pic18-lt\cxx-framework\src\extended\proc\p18f8722.asm
                    PORTE   0x000f84       data     extern E:\c18v3.46\pic18-lt\cxx-framework\src\extended\proc\p18f8722.asm
                PORTEbits   0x000f84       data     extern E:\c18v3.46\pic18-lt\cxx-framework\src\extended\proc\p18f8722.asm
                    PORTF   0x000f85       data     extern E:\c18v3.46\pic18-lt\cxx-framework\src\extended\proc\p18f8722.asm
                PORTFbits   0x000f85       data     extern E:\c18v3.46\pic18-lt\cxx-framework\src\extended\proc\p18f8722.asm
                    PORTG   0x000f86       data     extern E:\c18v3.46\pic18-lt\cxx-framework\src\extended\proc\p18f8722.asm
                PORTGbits   0x000f86       data     extern E:\c18v3.46\pic18-lt\cxx-framework\src\extended\proc\p18f8722.asm
                    PORTH   0x000f87       data     extern E:\c18v3.46\pic18-lt\cxx-framework\src\extended\proc\p18f8722.asm
                PORTHbits   0x000f87       data     extern E:\c18v3.46\pic18-lt\cxx-framework\src\extended\proc\p18f8722.asm
                    PORTJ   0x000f88       data     extern E:\c18v3.46\pic18-lt\cxx-framework\src\extended\proc\p18f8722.asm
                PORTJbits   0x000f88       data     extern E:\c18v3.46\pic18-lt\cxx-framework\src\extended\proc\p18f8722.asm
                 POSTDEC0   0x000fed       data     extern E:\c18v3.46\pic18-lt\cxx-framework\src\extended\proc\p18f8722.asm
                 POSTDEC1   0x000fe5       data     extern E:\c18v3.46\pic18-lt\cxx-framework\src\extended\proc\p18f8722.asm
                 POSTDEC2   0x000fdd       data     extern E:\c18v3.46\pic18-lt\cxx-framework\src\extended\proc\p18f8722.asm
                 POSTINC0   0x000fee       data     extern E:\c18v3.46\pic18-lt\cxx-framework\src\extended\proc\p18f8722.asm
                 POSTINC1   0x000fe6       data     extern E:\c18v3.46\pic18-lt\cxx-framework\src\extended\proc\p18f8722.asm
                 POSTINC2   0x000fde       data     extern E:\c18v3.46\pic18-lt\cxx-framework\src\extended\proc\p18f8722.asm
                      PR2   0x000fcb       data     extern E:\c18v3.46\pic18-lt\cxx-framework\src\extended\proc\p18f8722.asm
                      PR4   0x000f77       data     extern E:\c18v3.46\pic18-lt\cxx-framework\src\extended\proc\p18f8722.asm
                  PREINC0   0x000fec       data     extern E:\c18v3.46\pic18-lt\cxx-framework\src\extended\proc\p18f8722.asm
                  PREINC1   0x000fe4       data     extern E:\c18v3.46\pic18-lt\cxx-framework\src\extended\proc\p18f8722.asm
                  PREINC2   0x000fdc       data     extern E:\c18v3.46\pic18-lt\cxx-framework\src\extended\proc\p18f8722.asm
                     PROD   0x000ff3       data     extern E:\c18v3.46\pic18-lt\cxx-framework\src\extended\proc\p18f8722.asm
                    PRODH   0x000ff4       data     extern E:\c18v3.46\pic18-lt\cxx-framework\src\extended\proc\p18f8722.asm
                    PRODL   0x000ff3       data     extern E:\c18v3.46\pic18-lt\cxx-framework\src\extended\proc\p18f8722.asm
                   PSPCON   0x000fb0       data     extern E:\c18v3.46\pic18-lt\cxx-framework\src\extended\proc\p18f8722.asm
               PSPCONbits   0x000fb0       data     extern E:\c18v3.46\pic18-lt\cxx-framework\src\extended\proc\p18f8722.asm
                     RCON   0x000fd0       data     extern E:\c18v3.46\pic18-lt\cxx-framework\src\extended\proc\p18f8722.asm
                 RCONbits   0x000fd0       data     extern E:\c18v3.46\pic18-lt\cxx-framework\src\extended\proc\p18f8722.asm
                    RCREG   0x000fae       data     extern E:\c18v3.46\pic18-lt\cxx-framework\src\extended\proc\p18f8722.asm
                   RCREG1   0x000fae       data     extern E:\c18v3.46\pic18-lt\cxx-framework\src\extended\proc\p18f8722.asm
                   RCREG2   0x000f6e       data     extern E:\c18v3.46\pic18-lt\cxx-framework\src\extended\proc\p18f8722.asm
                    RCSTA   0x000fab       data     extern E:\c18v3.46\pic18-lt\cxx-framework\src\extended\proc\p18f8722.asm
                   RCSTA1   0x000fab       data     extern E:\c18v3.46\pic18-lt\cxx-framework\src\extended\proc\p18f8722.asm
               RCSTA1bits   0x000fab       data     extern E:\c18v3.46\pic18-lt\cxx-framework\src\extended\proc\p18f8722.asm
                   RCSTA2   0x000f6b       data     extern E:\c18v3.46\pic18-lt\cxx-framework\src\extended\proc\p18f8722.asm
               RCSTA2bits   0x000f6b       data     extern E:\c18v3.46\pic18-lt\cxx-framework\src\extended\proc\p18f8722.asm
                RCSTAbits   0x000fab       data     extern E:\c18v3.46\pic18-lt\cxx-framework\src\extended\proc\p18f8722.asm
              SCREEN_INIT   0x00000e       data     extern X:\vtouch18f8722\example2.c
                    SPBRG   0x000faf       data     extern E:\c18v3.46\pic18-lt\cxx-framework\src\extended\proc\p18f8722.asm
                   SPBRG1   0x000faf       data     extern E:\c18v3.46\pic18-lt\cxx-framework\src\extended\proc\p18f8722.asm
                   SPBRG2   0x000f6f       data     extern E:\c18v3.46\pic18-lt\cxx-framework\src\extended\proc\p18f8722.asm
                   SPBRGH   0x000f7f       data     extern E:\c18v3.46\pic18-lt\cxx-framework\src\extended\proc\p18f8722.asm
                  SPBRGH1   0x000f7f       data     extern E:\c18v3.46\pic18-lt\cxx-framework\src\extended\proc\p18f8722.asm
                  SPBRGH2   0x000f7d       data     extern E:\c18v3.46\pic18-lt\cxx-framework\src\extended\proc\p18f8722.asm
                  SSP1ADD   0x000fc8       data     extern E:\c18v3.46\pic18-lt\cxx-framework\src\extended\proc\p18f8722.asm
                  SSP1BUF   0x000fc9       data     extern E:\c18v3.46\pic18-lt\cxx-framework\src\extended\proc\p18f8722.asm
                 SSP1CON1   0x000fc6       data     extern E:\c18v3.46\pic18-lt\cxx-framework\src\extended\proc\p18f8722.asm
             SSP1CON1bits   0x000fc6       data     extern E:\c18v3.46\pic18-lt\cxx-framework\src\extended\proc\p18f8722.asm
                 SSP1CON2   0x000fc5       data     extern E:\c18v3.46\pic18-lt\cxx-framework\src\extended\proc\p18f8722.asm
             SSP1CON2bits   0x000fc5       data     extern E:\c18v3.46\pic18-lt\cxx-framework\src\extended\proc\p18f8722.asm
                 SSP1STAT   0x000fc7       data     extern E:\c18v3.46\pic18-lt\cxx-framework\src\extended\proc\p18f8722.asm
             SSP1STATbits   0x000fc7       data     extern E:\c18v3.46\pic18-lt\cxx-framework\src\extended\proc\p18f8722.asm
                  SSP2ADD   0x000f65       data     extern E:\c18v3.46\pic18-lt\cxx-framework\src\extended\proc\p18f8722.asm
                  SSP2BUF   0x000f66       data     extern E:\c18v3.46\pic18-lt\cxx-framework\src\extended\proc\p18f8722.asm
                 SSP2CON1   0x000f63       data     extern E:\c18v3.46\pic18-lt\cxx-framework\src\extended\proc\p18f8722.asm
             SSP2CON1bits   0x000f63       data     extern E:\c18v3.46\pic18-lt\cxx-framework\src\extended\proc\p18f8722.asm
                 SSP2CON2   0x000f62       data     extern E:\c18v3.46\pic18-lt\cxx-framework\src\extended\proc\p18f8722.asm
             SSP2CON2bits   0x000f62       data     extern E:\c18v3.46\pic18-lt\cxx-framework\src\extended\proc\p18f8722.asm
                 SSP2STAT   0x000f64       data     extern E:\c18v3.46\pic18-lt\cxx-framework\src\extended\proc\p18f8722.asm
             SSP2STATbits   0x000f64       data     extern E:\c18v3.46\pic18-lt\cxx-framework\src\extended\proc\p18f8722.asm
                   SSPADD   0x000fc8       data     extern E:\c18v3.46\pic18-lt\cxx-framework\src\extended\proc\p18f8722.asm
                   SSPBUF   0x000fc9       data     extern E:\c18v3.46\pic18-lt\cxx-framework\src\extended\proc\p18f8722.asm
                  SSPCON1   0x000fc6       data     extern E:\c18v3.46\pic18-lt\cxx-framework\src\extended\proc\p18f8722.asm
              SSPCON1bits   0x000fc6       data     extern E:\c18v3.46\pic18-lt\cxx-framework\src\extended\proc\p18f8722.asm
                  SSPCON2   0x000fc5       data     extern E:\c18v3.46\pic18-lt\cxx-framework\src\extended\proc\p18f8722.asm
              SSPCON2bits   0x000fc5       data     extern E:\c18v3.46\pic18-lt\cxx-framework\src\extended\proc\p18f8722.asm
                  SSPSTAT   0x000fc7       data     extern E:\c18v3.46\pic18-lt\cxx-framework\src\extended\proc\p18f8722.asm
              SSPSTATbits   0x000fc7       data     extern E:\c18v3.46\pic18-lt\cxx-framework\src\extended\proc\p18f8722.asm
                   STATUS   0x000fd8       data     extern E:\c18v3.46\pic18-lt\cxx-framework\src\extended\proc\p18f8722.asm
               STATUSbits   0x000fd8       data     extern E:\c18v3.46\pic18-lt\cxx-framework\src\extended\proc\p18f8722.asm
                   STKPTR   0x000ffc       data     extern E:\c18v3.46\pic18-lt\cxx-framework\src\extended\proc\p18f8722.asm
               STKPTRbits   0x000ffc       data     extern E:\c18v3.46\pic18-lt\cxx-framework\src\extended\proc\p18f8722.asm
                    T0CON   0x000fd5       data     extern E:\c18v3.46\pic18-lt\cxx-framework\src\extended\proc\p18f8722.asm
                T0CONbits   0x000fd5       data     extern E:\c18v3.46\pic18-lt\cxx-framework\src\extended\proc\p18f8722.asm
                    T1CON   0x000fcd       data     extern E:\c18v3.46\pic18-lt\cxx-framework\src\extended\proc\p18f8722.asm
                T1CONbits   0x000fcd       data     extern E:\c18v3.46\pic18-lt\cxx-framework\src\extended\proc\p18f8722.asm
                    T2CON   0x000fca       data     extern E:\c18v3.46\pic18-lt\cxx-framework\src\extended\proc\p18f8722.asm
                T2CONbits   0x000fca       data     extern E:\c18v3.46\pic18-lt\cxx-framework\src\extended\proc\p18f8722.asm
                    T3CON   0x000fb1       data     extern E:\c18v3.46\pic18-lt\cxx-framework\src\extended\proc\p18f8722.asm
                T3CONbits   0x000fb1       data     extern E:\c18v3.46\pic18-lt\cxx-framework\src\extended\proc\p18f8722.asm
                    T4CON   0x000f76       data     extern E:\c18v3.46\pic18-lt\cxx-framework\src\extended\proc\p18f8722.asm
                T4CONbits   0x000f76       data     extern E:\c18v3.46\pic18-lt\cxx-framework\src\extended\proc\p18f8722.asm
                   TABLAT   0x000ff5       data     extern E:\c18v3.46\pic18-lt\cxx-framework\src\extended\proc\p18f8722.asm
                   TBLPTR   0x000ff6       data     extern E:\c18v3.46\pic18-lt\cxx-framework\src\extended\proc\p18f8722.asm
                  TBLPTRH   0x000ff7       data     extern E:\c18v3.46\pic18-lt\cxx-framework\src\extended\proc\p18f8722.asm
                  TBLPTRL   0x000ff6       data     extern E:\c18v3.46\pic18-lt\cxx-framework\src\extended\proc\p18f8722.asm
                  TBLPTRU   0x000ff8       data     extern E:\c18v3.46\pic18-lt\cxx-framework\src\extended\proc\p18f8722.asm
                    TMR0H   0x000fd7       data     extern E:\c18v3.46\pic18-lt\cxx-framework\src\extended\proc\p18f8722.asm
                    TMR0L   0x000fd6       data     extern E:\c18v3.46\pic18-lt\cxx-framework\src\extended\proc\p18f8722.asm
                    TMR1H   0x000fcf       data     extern E:\c18v3.46\pic18-lt\cxx-framework\src\extended\proc\p18f8722.asm
                    TMR1L   0x000fce       data     extern E:\c18v3.46\pic18-lt\cxx-framework\src\extended\proc\p18f8722.asm
                     TMR2   0x000fcc       data     extern E:\c18v3.46\pic18-lt\cxx-framework\src\extended\proc\p18f8722.asm
                    TMR3H   0x000fb3       data     extern E:\c18v3.46\pic18-lt\cxx-framework\src\extended\proc\p18f8722.asm
                    TMR3L   0x000fb2       data     extern E:\c18v3.46\pic18-lt\cxx-framework\src\extended\proc\p18f8722.asm
                     TMR4   0x000f78       data     extern E:\c18v3.46\pic18-lt\cxx-framework\src\extended\proc\p18f8722.asm
                      TOS   0x000ffd       data     extern E:\c18v3.46\pic18-lt\cxx-framework\src\extended\proc\p18f8722.asm
                     TOSH   0x000ffe       data     extern E:\c18v3.46\pic18-lt\cxx-framework\src\extended\proc\p18f8722.asm
                     TOSL   0x000ffd       data     extern E:\c18v3.46\pic18-lt\cxx-framework\src\extended\proc\p18f8722.asm
                     TOSU   0x000fff       data     extern E:\c18v3.46\pic18-lt\cxx-framework\src\extended\proc\p18f8722.asm
                    TOUCH   0x00000b       data     extern X:\vtouch18f8722\example2.c
                    TRISA   0x000f92       data     extern E:\c18v3.46\pic18-lt\cxx-framework\src\extended\proc\p18f8722.asm
                TRISAbits   0x000f92       data     extern E:\c18v3.46\pic18-lt\cxx-framework\src\extended\proc\p18f8722.asm
                    TRISB   0x000f93       data     extern E:\c18v3.46\pic18-lt\cxx-framework\src\extended\proc\p18f8722.asm
                TRISBbits   0x000f93       data     extern E:\c18v3.46\pic18-lt\cxx-framework\src\extended\proc\p18f8722.asm
                    TRISC   0x000f94       data     extern E:\c18v3.46\pic18-lt\cxx-framework\src\extended\proc\p18f8722.asm
                TRISCbits   0x000f94       data     extern E:\c18v3.46\pic18-lt\cxx-framework\src\extended\proc\p18f8722.asm
                    TRISD   0x000f95       data     extern E:\c18v3.46\pic18-lt\cxx-framework\src\extended\proc\p18f8722.asm
                TRISDbits   0x000f95       data     extern E:\c18v3.46\pic18-lt\cxx-framework\src\extended\proc\p18f8722.asm
                    TRISE   0x000f96       data     extern E:\c18v3.46\pic18-lt\cxx-framework\src\extended\proc\p18f8722.asm
                TRISEbits   0x000f96       data     extern E:\c18v3.46\pic18-lt\cxx-framework\src\extended\proc\p18f8722.asm
                    TRISF   0x000f97       data     extern E:\c18v3.46\pic18-lt\cxx-framework\src\extended\proc\p18f8722.asm
                TRISFbits   0x000f97       data     extern E:\c18v3.46\pic18-lt\cxx-framework\src\extended\proc\p18f8722.asm
                    TRISG   0x000f98       data     extern E:\c18v3.46\pic18-lt\cxx-framework\src\extended\proc\p18f8722.asm
                TRISGbits   0x000f98       data     extern E:\c18v3.46\pic18-lt\cxx-framework\src\extended\proc\p18f8722.asm
                    TRISH   0x000f99       data     extern E:\c18v3.46\pic18-lt\cxx-framework\src\extended\proc\p18f8722.asm
                TRISHbits   0x000f99       data     extern E:\c18v3.46\pic18-lt\cxx-framework\src\extended\proc\p18f8722.asm
                    TRISJ   0x000f9a       data     extern E:\c18v3.46\pic18-lt\cxx-framework\src\extended\proc\p18f8722.asm
                TRISJbits   0x000f9a       data     extern E:\c18v3.46\pic18-lt\cxx-framework\src\extended\proc\p18f8722.asm
                  TSTATUS   0x000011       data     extern X:\vtouch18f8722\example2.c
                    TXREG   0x000fad       data     extern E:\c18v3.46\pic18-lt\cxx-framework\src\extended\proc\p18f8722.asm
                   TXREG1   0x000fad       data     extern E:\c18v3.46\pic18-lt\cxx-framework\src\extended\proc\p18f8722.asm
                   TXREG2   0x000f6d       data     extern E:\c18v3.46\pic18-lt\cxx-framework\src\extended\proc\p18f8722.asm
                    TXSTA   0x000fac       data     extern E:\c18v3.46\pic18-lt\cxx-framework\src\extended\proc\p18f8722.asm
                   TXSTA1   0x000fac       data     extern E:\c18v3.46\pic18-lt\cxx-framework\src\extended\proc\p18f8722.asm
               TXSTA1bits   0x000fac       data     extern E:\c18v3.46\pic18-lt\cxx-framework\src\extended\proc\p18f8722.asm
                   TXSTA2   0x000f6c       data     extern E:\c18v3.46\pic18-lt\cxx-framework\src\extended\proc\p18f8722.asm
               TXSTA2bits   0x000f6c       data     extern E:\c18v3.46\pic18-lt\cxx-framework\src\extended\proc\p18f8722.asm
                TXSTAbits   0x000fac       data     extern E:\c18v3.46\pic18-lt\cxx-framework\src\extended\proc\p18f8722.asm
                  UNTOUCH   0x00000c       data     extern X:\vtouch18f8722\example2.c
            USART1_Status   0x000059       data     extern E:\c18v3.46\pic18-lt\cxx-framework\src\pmc_common\USART\u1defs.c
            USART2_Status   0x000058       data     extern E:\c18v3.46\pic18-lt\cxx-framework\src\pmc_common\USART\u2defs.c
                   WDTCON   0x000fd1       data     extern E:\c18v3.46\pic18-lt\cxx-framework\src\extended\proc\p18f8722.asm
               WDTCONbits   0x000fd1       data     extern E:\c18v3.46\pic18-lt\cxx-framework\src\extended\proc\p18f8722.asm
                     WREG   0x000fe8       data     extern E:\c18v3.46\pic18-lt\cxx-framework\src\extended\proc\p18f8722.asm
                __RETVAL0   0x000052       data     extern E:\c18v3.46\pic18-lt\cxx-framework\src\extended\math\cmath18.asm
                __RETVAL1   0x000053       data     extern E:\c18v3.46\pic18-lt\cxx-framework\src\extended\math\cmath18.asm
                __RETVAL2   0x000054       data     extern E:\c18v3.46\pic18-lt\cxx-framework\src\extended\math\cmath18.asm
                __RETVAL3   0x000055       data     extern E:\c18v3.46\pic18-lt\cxx-framework\src\extended\math\cmath18.asm
                  __tmp_0   0x000045       data     static E:\c18v3.46\pic18-lt\cxx-framework\src\pmc_common\USART\u1open.c
                  __tmp_0   0x000045       data     static E:\c18v3.46\pic18-lt\cxx-framework\src\pmc_common\USART\u2open.c
                  __tmp_0   0x000045       data     static E:\c18v3.46\pic18-lt\cxx-framework\src\pmc_common\EEP\read_B.c
                  __tmp_0   0x000045       data     static E:\c18v3.46\pic18-lt\cxx-framework\src\pmc_common\EEP\write_B.c
                  __tmp_0   0x000045       data     static X:\vtouch18f8722\example2.c
                  __tmp_1   0x00004d       data     static X:\vtouch18f8722\example2.c
                alive_led   0x000037       data     static X:\vtouch18f8722\example2.c
               build_date   0x000000       data     extern X:\vtouch18f8722\example2.c
               build_time   0x000003       data     extern X:\vtouch18f8722\example2.c
                        c   0x00002d       data     static X:\vtouch18f8722\example2.c
                    c_idx   0x000006       data     extern X:\vtouch18f8722\example2.c
                curr_byte   0x00003e       data     static E:\c18v3.46\pic18-lt\cxx-framework\src\extended\startup\c018i_e.c
               curr_entry   0x000040       data     static E:\c18v3.46\pic18-lt\cxx-framework\src\extended\startup\c018i_e.c
                    cylon   0x000035       data     static X:\vtouch18f8722\example2.c
                 data_len   0x0001cc       data     static X:\vtouch18f8722\example2.c
                 data_pos   0x0001cb       data     static X:\vtouch18f8722\example2.c
                 data_ptr   0x0001c9       data     static X:\vtouch18f8722\example2.c
                 data_ptr   0x000042       data     static E:\c18v3.46\pic18-lt\cxx-framework\src\extended\startup\c018i_e.c
                   elobuf   0x000102       data     extern X:\vtouch18f8722\example2.c
                elobuf_in   0x000152       data     extern X:\vtouch18f8722\example2.c
               elobuf_out   0x000142       data     extern X:\vtouch18f8722\example2.c
              elocodes_e0   0x00041a       data     extern X:\vtouch18f8722\example2.c
              elocodes_e1   0x000426       data     extern X:\vtouch18f8722\example2.c
              elocodes_e2   0x000432       data     extern X:\vtouch18f8722\example2.c
              elocodes_e3   0x00043e       data     extern X:\vtouch18f8722\example2.c
              elocodes_e4   0x00044a       data     extern X:\vtouch18f8722\example2.c
              elocodes_e5   0x000456       data     extern X:\vtouch18f8722\example2.c
              elocodes_e6   0x000462       data     extern X:\vtouch18f8722\example2.c
              elocodes_e7   0x00046e       data     extern X:\vtouch18f8722\example2.c
             elocodes_m_e   0x000402       data     extern X:\vtouch18f8722\example2.c
             elocodes_s_e   0x00040e       data     extern X:\vtouch18f8722\example2.c
              emulat_type   0x000101       data     extern X:\vtouch18f8722\example2.c
                 host_ptr   0x000031       data     static X:\vtouch18f8722\example2.c
                 host_rec   0x000800       data     extern X:\vtouch18f8722\example2.c
                        i   0x00002e       data     static X:\vtouch18f8722\example2.c
                      idx   0x000034       data     static X:\vtouch18f8722\example2.c
                        j   0x000016       data     extern X:\vtouch18f8722\example2.c
                     junk   0x00002c       data     static X:\vtouch18f8722\example2.c
                     prom   0x00003b       data     static E:\c18v3.46\pic18-lt\cxx-framework\src\extended\startup\c018i_e.c
              screen_type   0x000100       data     extern X:\vtouch18f8722\example2.c
                 scrn_ptr   0x00002f       data     static X:\vtouch18f8722\example2.c
                 scrn_rec   0x000900       data     extern X:\vtouch18f8722\example2.c
                  speedup   0x000008       data     extern X:\vtouch18f8722\example2.c
                    ssbuf   0x000162       data     extern X:\vtouch18f8722\example2.c
                 ssreport   0x0001a2       data     extern X:\vtouch18f8722\example2.c
                   status   0x0001ac       data     extern X:\vtouch18f8722\example2.c
                      sum   0x000033       data     static X:\vtouch18f8722\example2.c
                    tchar   0x0001cd       data     static X:\vtouch18f8722\example2.c
                   timer0   0x0001c7       data     static X:\vtouch18f8722\example2.c
               timer0_off   0x00002a       data     extern X:\vtouch18f8722\example2.c
            touch_corner1   0x00047a       data     extern X:\vtouch18f8722\example2.c
       touch_corner_timed   0x00047c       data     extern X:\vtouch18f8722\example2.c
                    uchar   0x0001ce       data     static X:\vtouch18f8722\example2.c
[...]
                     IPR2   0x000fa2       data     extern E:\c18v3.46\pic18-lt\cxx-framework\src\extended\proc\p18f8722.asm
                 PIE3bits   0x000fa3       data     extern E:\c18v3.46\pic18-lt\cxx-framework\src\extended\proc\p18f8722.asm
                     PIE3   0x000fa3       data     extern E:\c18v3.46\pic18-lt\cxx-framework\src\extended\proc\p18f8722.asm
                     PIR3   0x000fa4       data     extern E:\c18v3.46\pic18-lt\cxx-framework\src\extended\proc\p18f8722.asm
                 PIR3bits   0x000fa4       data     extern E:\c18v3.46\pic18-lt\cxx-framework\src\extended\proc\p18f8722.asm
                     IPR3   0x000fa5       data     extern E:\c18v3.46\pic18-lt\cxx-framework\src\extended\proc\p18f8722.asm
                 IPR3bits   0x000fa5       data     extern E:\c18v3.46\pic18-lt\cxx-framework\src\extended\proc\p18f8722.asm
               EECON1bits   0x000fa6       data     extern E:\c18v3.46\pic18-lt\cxx-framework\src\extended\proc\p18f8722.asm
                   EECON1   0x000fa6       data     extern E:\c18v3.46\pic18-lt\cxx-framework\src\extended\proc\p18f8722.asm
                   EECON2   0x000fa7       data     extern E:\c18v3.46\pic18-lt\cxx-framework\src\extended\proc\p18f8722.asm
                   EEDATA   0x000fa8       data     extern E:\c18v3.46\pic18-lt\cxx-framework\src\extended\proc\p18f8722.asm
                    EEADR   0x000fa9       data     extern E:\c18v3.46\pic18-lt\cxx-framework\src\extended\proc\p18f8722.asm
                   EEADRH   0x000faa       data     extern E:\c18v3.46\pic18-lt\cxx-framework\src\extended\proc\p18f8722.asm
                RCSTAbits   0x000fab       data     extern E:\c18v3.46\pic18-lt\cxx-framework\src\extended\proc\p18f8722.asm
               RCSTA1bits   0x000fab       data     extern E:\c18v3.46\pic18-lt\cxx-framework\src\extended\proc\p18f8722.asm
                   RCSTA1   0x000fab       data     extern E:\c18v3.46\pic18-lt\cxx-framework\src\extended\proc\p18f8722.asm
                    RCSTA   0x000fab       data     extern E:\c18v3.46\pic18-lt\cxx-framework\src\extended\proc\p18f8722.asm
                    TXSTA   0x000fac       data     extern E:\c18v3.46\pic18-lt\cxx-framework\src\extended\proc\p18f8722.asm
                   TXSTA1   0x000fac       data     extern E:\c18v3.46\pic18-lt\cxx-framework\src\extended\proc\p18f8722.asm
               TXSTA1bits   0x000fac       data     extern E:\c18v3.46\pic18-lt\cxx-framework\src\extended\proc\p18f8722.asm
                TXSTAbits   0x000fac       data     extern E:\c18v3.46\pic18-lt\cxx-framework\src\extended\proc\p18f8722.asm
                    TXREG   0x000fad       data     extern E:\c18v3.46\pic18-lt\cxx-framework\src\extended\proc\p18f8722.asm
                   TXREG1   0x000fad       data     extern E:\c18v3.46\pic18-lt\cxx-framework\src\extended\proc\p18f8722.asm
                   RCREG1   0x000fae       data     extern E:\c18v3.46\pic18-lt\cxx-framework\src\extended\proc\p18f8722.asm
                    RCREG   0x000fae       data     extern E:\c18v3.46\pic18-lt\cxx-framework\src\extended\proc\p18f8722.asm
                   SPBRG1   0x000faf       data     extern E:\c18v3.46\pic18-lt\cxx-framework\src\extended\proc\p18f8722.asm
                    SPBRG   0x000faf       data     extern E:\c18v3.46\pic18-lt\cxx-framework\src\extended\proc\p18f8722.asm
                   PSPCON   0x000fb0       data     extern E:\c18v3.46\pic18-lt\cxx-framework\src\extended\proc\p18f8722.asm
               PSPCONbits   0x000fb0       data     extern E:\c18v3.46\pic18-lt\cxx-framework\src\extended\proc\p18f8722.asm
                T3CONbits   0x000fb1       data     extern E:\c18v3.46\pic18-lt\cxx-framework\src\extended\proc\p18f8722.asm
                    T3CON   0x000fb1       data     extern E:\c18v3.46\pic18-lt\cxx-framework\src\extended\proc\p18f8722.asm
                    TMR3L   0x000fb2       data     extern E:\c18v3.46\pic18-lt\cxx-framework\src\extended\proc\p18f8722.asm
                    TMR3H   0x000fb3       data     extern E:\c18v3.46\pic18-lt\cxx-framework\src\extended\proc\p18f8722.asm
                    CMCON   0x000fb4       data     extern E:\c18v3.46\pic18-lt\cxx-framework\src\extended\proc\p18f8722.asm
                CMCONbits   0x000fb4       data     extern E:\c18v3.46\pic18-lt\cxx-framework\src\extended\proc\p18f8722.asm
                   CVRCON   0x000fb5       data     extern E:\c18v3.46\pic18-lt\cxx-framework\src\extended\proc\p18f8722.asm
               CVRCONbits   0x000fb5       data     extern E:\c18v3.46\pic18-lt\cxx-framework\src\extended\proc\p18f8722.asm
              ECCP1ASbits   0x000fb6       data     extern E:\c18v3.46\pic18-lt\cxx-framework\src\extended\proc\p18f8722.asm
                  ECCP1AS   0x000fb6       data     extern E:\c18v3.46\pic18-lt\cxx-framework\src\extended\proc\p18f8722.asm
             ECCP3CONbits   0x000fb7       data     extern E:\c18v3.46\pic18-lt\cxx-framework\src\extended\proc\p18f8722.asm
                 ECCP3CON   0x000fb7       data     extern E:\c18v3.46\pic18-lt\cxx-framework\src\extended\proc\p18f8722.asm
              CCP3CONbits   0x000fb7       data     extern E:\c18v3.46\pic18-lt\cxx-framework\src\extended\proc\p18f8722.asm
                  CCP3CON   0x000fb7       data     extern E:\c18v3.46\pic18-lt\cxx-framework\src\extended\proc\p18f8722.asm
                   CCPR3L   0x000fb8       data     extern E:\c18v3.46\pic18-lt\cxx-framework\src\extended\proc\p18f8722.asm
                    CCPR3   0x000fb8       data     extern E:\c18v3.46\pic18-lt\cxx-framework\src\extended\proc\p18f8722.asm
                   CCPR3H   0x000fb9       data     extern E:\c18v3.46\pic18-lt\cxx-framework\src\extended\proc\p18f8722.asm
                  CCP2CON   0x000fba       data     extern E:\c18v3.46\pic18-lt\cxx-framework\src\extended\proc\p18f8722.asm
             ECCP2CONbits   0x000fba       data     extern E:\c18v3.46\pic18-lt\cxx-framework\src\extended\proc\p18f8722.asm
                 ECCP2CON   0x000fba       data     extern E:\c18v3.46\pic18-lt\cxx-framework\src\extended\proc\p18f8722.asm
              CCP2CONbits   0x000fba       data     extern E:\c18v3.46\pic18-lt\cxx-framework\src\extended\proc\p18f8722.asm
                   CCPR2L   0x000fbb       data     extern E:\c18v3.46\pic18-lt\cxx-framework\src\extended\proc\p18f8722.asm
                    CCPR2   0x000fbb       data     extern E:\c18v3.46\pic18-lt\cxx-framework\src\extended\proc\p18f8722.asm
                   CCPR2H   0x000fbc       data     extern E:\c18v3.46\pic18-lt\cxx-framework\src\extended\proc\p18f8722.asm
              CCP1CONbits   0x000fbd       data     extern E:\c18v3.46\pic18-lt\cxx-framework\src\extended\proc\p18f8722.asm
                  CCP1CON   0x000fbd       data     extern E:\c18v3.46\pic18-lt\cxx-framework\src\extended\proc\p18f8722.asm
                 ECCP1CON   0x000fbd       data     extern E:\c18v3.46\pic18-lt\cxx-framework\src\extended\proc\p18f8722.asm
             ECCP1CONbits   0x000fbd       data     extern E:\c18v3.46\pic18-lt\cxx-framework\src\extended\proc\p18f8722.asm
                   CCPR1L   0x000fbe       data     extern E:\c18v3.46\pic18-lt\cxx-framework\src\extended\proc\p18f8722.asm
                    CCPR1   0x000fbe       data     extern E:\c18v3.46\pic18-lt\cxx-framework\src\extended\proc\p18f8722.asm
                   CCPR1H   0x000fbf       data     extern E:\c18v3.46\pic18-lt\cxx-framework\src\extended\proc\p18f8722.asm
               ADCON2bits   0x000fc0       data     extern E:\c18v3.46\pic18-lt\cxx-framework\src\extended\proc\p18f8722.asm
                   ADCON2   0x000fc0       data     extern E:\c18v3.46\pic18-lt\cxx-framework\src\extended\proc\p18f8722.asm
                   ADCON1   0x000fc1       data     extern E:\c18v3.46\pic18-lt\cxx-framework\src\extended\proc\p18f8722.asm
               ADCON1bits   0x000fc1       data     extern E:\c18v3.46\pic18-lt\cxx-framework\src\extended\proc\p18f8722.asm
                   ADCON0   0x000fc2       data     extern E:\c18v3.46\pic18-lt\cxx-framework\src\extended\proc\p18f8722.asm
               ADCON0bits   0x000fc2       data     extern E:\c18v3.46\pic18-lt\cxx-framework\src\extended\proc\p18f8722.asm
                    ADRES   0x000fc3       data     extern E:\c18v3.46\pic18-lt\cxx-framework\src\extended\proc\p18f8722.asm
                   ADRESL   0x000fc3       data     extern E:\c18v3.46\pic18-lt\cxx-framework\src\extended\proc\p18f8722.asm
                   ADRESH   0x000fc4       data     extern E:\c18v3.46\pic18-lt\cxx-framework\src\extended\proc\p18f8722.asm
                 SSP1CON2   0x000fc5       data     extern E:\c18v3.46\pic18-lt\cxx-framework\src\extended\proc\p18f8722.asm
             SSP1CON2bits   0x000fc5       data     extern E:\c18v3.46\pic18-lt\cxx-framework\src\extended\proc\p18f8722.asm
                  SSPCON2   0x000fc5       data     extern E:\c18v3.46\pic18-lt\cxx-framework\src\extended\proc\p18f8722.asm
              SSPCON2bits   0x000fc5       data     extern E:\c18v3.46\pic18-lt\cxx-framework\src\extended\proc\p18f8722.asm
                 SSP1CON1   0x000fc6       data     extern E:\c18v3.46\pic18-lt\cxx-framework\src\extended\proc\p18f8722.asm
             SSP1CON1bits   0x000fc6       data     extern E:\c18v3.46\pic18-lt\cxx-framework\src\extended\proc\p18f8722.asm
                  SSPCON1   0x000fc6       data     extern E:\c18v3.46\pic18-lt\cxx-framework\src\extended\proc\p18f8722.asm
              SSPCON1bits   0x000fc6       data     extern E:\c18v3.46\pic18-lt\cxx-framework\src\extended\proc\p18f8722.asm
                 SSP1STAT   0x000fc7       data     extern E:\c18v3.46\pic18-lt\cxx-framework\src\extended\proc\p18f8722.asm
             SSP1STATbits   0x000fc7       data     extern E:\c18v3.46\pic18-lt\cxx-framework\src\extended\proc\p18f8722.asm
                  SSPSTAT   0x000fc7       data     extern E:\c18v3.46\pic18-lt\cxx-framework\src\extended\proc\p18f8722.asm
              SSPSTATbits   0x000fc7       data     extern E:\c18v3.46\pic18-lt\cxx-framework\src\extended\proc\p18f8722.asm
                   SSPADD   0x000fc8       data     extern E:\c18v3.46\pic18-lt\cxx-framework\src\extended\proc\p18f8722.asm
                  SSP1ADD   0x000fc8       data     extern E:\c18v3.46\pic18-lt\cxx-framework\src\extended\proc\p18f8722.asm
                  SSP1BUF   0x000fc9       data     extern E:\c18v3.46\pic18-lt\cxx-framework\src\extended\proc\p18f8722.asm
                   SSPBUF   0x000fc9       data     extern E:\c18v3.46\pic18-lt\cxx-framework\src\extended\proc\p18f8722.asm
                T2CONbits   0x000fca       data     extern E:\c18v3.46\pic18-lt\cxx-framework\src\extended\proc\p18f8722.asm
                    T2CON   0x000fca       data     extern E:\c18v3.46\pic18-lt\cxx-framework\src\extended\proc\p18f8722.asm
                      PR2   0x000fcb       data     extern E:\c18v3.46\pic18-lt\cxx-framework\src\extended\proc\p18f8722.asm
                     TMR2   0x000fcc       data     extern E:\c18v3.46\pic18-lt\cxx-framework\src\extended\proc\p18f8722.asm
                T1CONbits   0x000fcd       data     extern E:\c18v3.46\pic18-lt\cxx-framework\src\extended\proc\p18f8722.asm
                    T1CON   0x000fcd       data     extern E:\c18v3.46\pic18-lt\cxx-framework\src\extended\proc\p18f8722.asm
                    TMR1L   0x000fce       data     extern E:\c18v3.46\pic18-lt\cxx-framework\src\extended\proc\p18f8722.asm
                    TMR1H   0x000fcf       data     extern E:\c18v3.46\pic18-lt\cxx-framework\src\extended\proc\p18f8722.asm
                 RCONbits   0x000fd0       data     extern E:\c18v3.46\pic18-lt\cxx-framework\src\extended\proc\p18f8722.asm
                     RCON   0x000fd0       data     extern E:\c18v3.46\pic18-lt\cxx-framework\src\extended\proc\p18f8722.asm
                   WDTCON   0x000fd1       data     extern E:\c18v3.46\pic18-lt\cxx-framework\src\extended\proc\p18f8722.asm
               WDTCONbits   0x000fd1       data     extern E:\c18v3.46\pic18-lt\cxx-framework\src\extended\proc\p18f8722.asm
                  HLVDCON   0x000fd2       data     extern E:\c18v3.46\pic18-lt\cxx-framework\src\extended\proc\p18f8722.asm
              HLVDCONbits   0x000fd2       data     extern E:\c18v3.46\pic18-lt\cxx-framework\src\extended\proc\p18f8722.asm
               LVDCONbits   0x000fd2       data     extern E:\c18v3.46\pic18-lt\cxx-framework\src\extended\proc\p18f8722.asm
                   LVDCON   0x000fd2       data     extern E:\c18v3.46\pic18-lt\cxx-framework\src\extended\proc\p18f8722.asm
               OSCCONbits   0x000fd3       data     extern E:\c18v3.46\pic18-lt\cxx-framework\src\extended\proc\p18f8722.asm
                   OSCCON   0x000fd3       data     extern E:\c18v3.46\pic18-lt\cxx-framework\src\extended\proc\p18f8722.asm
                T0CONbits   0x000fd5       data     extern E:\c18v3.46\pic18-lt\cxx-framework\src\extended\proc\p18f8722.asm
                    T0CON   0x000fd5       data     extern E:\c18v3.46\pic18-lt\cxx-framework\src\extended\proc\p18f8722.asm
                    TMR0L   0x000fd6       data     extern E:\c18v3.46\pic18-lt\cxx-framework\src\extended\proc\p18f8722.asm
                    TMR0H   0x000fd7       data     extern E:\c18v3.46\pic18-lt\cxx-framework\src\extended\proc\p18f8722.asm
                   STATUS   0x000fd8       data     extern E:\c18v3.46\pic18-lt\cxx-framework\src\extended\proc\p18f8722.asm
               STATUSbits   0x000fd8       data     extern E:\c18v3.46\pic18-lt\cxx-framework\src\extended\proc\p18f8722.asm
                    FSR2L   0x000fd9       data     extern E:\c18v3.46\pic18-lt\cxx-framework\src\extended\proc\p18f8722.asm
                     FSR2   0x000fd9       data     extern E:\c18v3.46\pic18-lt\cxx-framework\src\extended\proc\p18f8722.asm
                    FSR2H   0x000fda       data     extern E:\c18v3.46\pic18-lt\cxx-framework\src\extended\proc\p18f8722.asm
                   PLUSW2   0x000fdb       data     extern E:\c18v3.46\pic18-lt\cxx-framework\src\extended\proc\p18f8722.asm
                  PREINC2   0x000fdc       data     extern E:\c18v3.46\pic18-lt\cxx-framework\src\extended\proc\p18f8722.asm
                 POSTDEC2   0x000fdd       data     extern E:\c18v3.46\pic18-lt\cxx-framework\src\extended\proc\p18f8722.asm
                 POSTINC2   0x000fde       data     extern E:\c18v3.46\pic18-lt\cxx-framework\src\extended\proc\p18f8722.asm
                    INDF2   0x000fdf       data     extern E:\c18v3.46\pic18-lt\cxx-framework\src\extended\proc\p18f8722.asm
                      BSR   0x000fe0       data     extern E:\c18v3.46\pic18-lt\cxx-framework\src\extended\proc\p18f8722.asm
                    FSR1L   0x000fe1       data     extern E:\c18v3.46\pic18-lt\cxx-framework\src\extended\proc\p18f8722.asm
                     FSR1   0x000fe1       data     extern E:\c18v3.46\pic18-lt\cxx-framework\src\extended\proc\p18f8722.asm
                    FSR1H   0x000fe2       data     extern E:\c18v3.46\pic18-lt\cxx-framework\src\extended\proc\p18f8722.asm
                   PLUSW1   0x000fe3       data     extern E:\c18v3.46\pic18-lt\cxx-framework\src\extended\proc\p18f8722.asm
                  PREINC1   0x000fe4       data     extern E:\c18v3.46\pic18-lt\cxx-framework\src\extended\proc\p18f8722.asm
                 POSTDEC1   0x000fe5       data     extern E:\c18v3.46\pic18-lt\cxx-framework\src\extended\proc\p18f8722.asm
                 POSTINC1   0x000fe6       data     extern E:\c18v3.46\pic18-lt\cxx-framework\src\extended\proc\p18f8722.asm
                    INDF1   0x000fe7       data     extern E:\c18v3.46\pic18-lt\cxx-framework\src\extended\proc\p18f8722.asm
                     WREG   0x000fe8       data     extern E:\c18v3.46\pic18-lt\cxx-framework\src\extended\proc\p18f8722.asm
                    FSR0L   0x000fe9       data     extern E:\c18v3.46\pic18-lt\cxx-framework\src\extended\proc\p18f8722.asm
                     FSR0   0x000fe9       data     extern E:\c18v3.46\pic18-lt\cxx-framework\src\extended\proc\p18f8722.asm
                    FSR0H   0x000fea       data     extern E:\c18v3.46\pic18-lt\cxx-framework\src\extended\proc\p18f8722.asm
                   PLUSW0   0x000feb       data     extern E:\c18v3.46\pic18-lt\cxx-framework\src\extended\proc\p18f8722.asm
                  PREINC0   0x000fec       data     extern E:\c18v3.46\pic18-lt\cxx-framework\src\extended\proc\p18f8722.asm
                 POSTDEC0   0x000fed       data     extern E:\c18v3.46\pic18-lt\cxx-framework\src\extended\proc\p18f8722.asm
                 POSTINC0   0x000fee       data     extern E:\c18v3.46\pic18-lt\cxx-framework\src\extended\proc\p18f8722.asm
                    INDF0   0x000fef       data     extern E:\c18v3.46\pic18-lt\cxx-framework\src\extended\proc\p18f8722.asm
              INTCON3bits   0x000ff0       data     extern E:\c18v3.46\pic18-lt\cxx-framework\src\extended\proc\p18f8722.asm
                  INTCON3   0x000ff0       data     extern E:\c18v3.46\pic18-lt\cxx-framework\src\extended\proc\p18f8722.asm
              INTCON2bits   0x000ff1       data     extern E:\c18v3.46\pic18-lt\cxx-framework\src\extended\proc\p18f8722.asm
                  INTCON2   0x000ff1       data     extern E:\c18v3.46\pic18-lt\cxx-framework\src\extended\proc\p18f8722.asm
               INTCONbits   0x000ff2       data     extern E:\c18v3.46\pic18-lt\cxx-framework\src\extended\proc\p18f8722.asm
                   INTCON   0x000ff2       data     extern E:\c18v3.46\pic18-lt\cxx-framework\src\extended\proc\p18f8722.asm
                     PROD   0x000ff3       data     extern E:\c18v3.46\pic18-lt\cxx-framework\src\extended\proc\p18f8722.asm
                    PRODL   0x000ff3       data     extern E:\c18v3.46\pic18-lt\cxx-framework\src\extended\proc\p18f8722.asm
                    PRODH   0x000ff4       data     extern E:\c18v3.46\pic18-lt\cxx-framework\src\extended\proc\p18f8722.asm
                   TABLAT   0x000ff5       data     extern E:\c18v3.46\pic18-lt\cxx-framework\src\extended\proc\p18f8722.asm
                  TBLPTRL   0x000ff6       data     extern E:\c18v3.46\pic18-lt\cxx-framework\src\extended\proc\p18f8722.asm
                   TBLPTR   0x000ff6       data     extern E:\c18v3.46\pic18-lt\cxx-framework\src\extended\proc\p18f8722.asm
                  TBLPTRH   0x000ff7       data     extern E:\c18v3.46\pic18-lt\cxx-framework\src\extended\proc\p18f8722.asm
                  TBLPTRU   0x000ff8       data     extern E:\c18v3.46\pic18-lt\cxx-framework\src\extended\proc\p18f8722.asm
                      PCL   0x000ff9       data     extern E:\c18v3.46\pic18-lt\cxx-framework\src\extended\proc\p18f8722.asm
                       PC   0x000ff9       data     extern E:\c18v3.46\pic18-lt\cxx-framework\src\extended\proc\p18f8722.asm
                   PCLATH   0x000ffa       data     extern E:\c18v3.46\pic18-lt\cxx-framework\src\extended\proc\p18f8722.asm
                   PCLATU   0x000ffb       data     extern E:\c18v3.46\pic18-lt\cxx-framework\src\extended\proc\p18f8722.asm
               STKPTRbits   0x000ffc       data     extern E:\c18v3.46\pic18-lt\cxx-framework\src\extended\proc\p18f8722.asm
                   STKPTR   0x000ffc       data     extern E:\c18v3.46\pic18-lt\cxx-framework\src\extended\proc\p18f8722.asm
                      TOS   0x000ffd       data     extern E:\c18v3.46\pic18-lt\cxx-framework\src\extended\proc\p18f8722.asm
                     TOSL   0x000ffd       data     extern E:\c18v3.46\pic18-lt\cxx-framework\src\extended\proc\p18f8722.asm
                     TOSH   0x000ffe       data     extern E:\c18v3.46\pic18-lt\cxx-framework\src\extended\proc\p18f8722.asm
                     TOSU   0x000fff       data     extern E:\c18v3.46\pic18-lt\cxx-framework\src\extended\proc\p18f8722.asm


